[2026-09-19T17:40:54.114+0000] {local_task_job_runner.py:120} INFO - ::group::Pre task execution logs
[2026-09-19T17:40:54.186+0000] {taskinstance.py:2076} INFO - Dependencies all met for dep_context=non-requeueable deps ti=<TaskInstance: weather_pipeline.fetch_weather manual__2026-09-19T17:40:53.588884+00:00 [queued]>
[2026-09-19T17:40:54.207+0000] {taskinstance.py:2076} INFO - Dependencies all met for dep_context=requeueable deps ti=<TaskInstance: weather_pipeline.fetch_weather manual__2026-09-19T17:40:53.588884+00:00 [queued]>
[2026-09-19T17:40:54.208+0000] {taskinstance.py:2306} INFO - Starting attempt 1 of 2
[2026-09-19T17:40:54.231+0000] {taskinstance.py:2330} INFO - Executing <Task(PythonOperator): fetch_weather> on 2026-09-19 17:40:53.588884+00:00
[2026-09-19T17:40:54.242+0000] {standard_task_runner.py:90} INFO - Running: ['***', 'tasks', 'run', 'weather_pipeline', 'fetch_weather', 'manual__2026-09-19T17:40:53.588884+00:00', '--job-id', '17', '--raw', '--subdir', 'DAGS_FOLDER/weather_pipeline_dag.py', '--cfg-path', '/tmp/tmpg3ksqwiw']
[2026-09-19T17:40:54.247+0000] {standard_task_runner.py:91} INFO - Job 17: Subtask fetch_weather
[2026-09-19T17:40:54.250+0000] {logging_mixin.py:188} WARNING - /home/***/.local/lib/python3.12/site-packages/***/task/task_runner/standard_task_runner.py:62 DeprecationWarning: This process (pid=732) is multi-threaded, use of fork() may lead to deadlocks in the child.
[2026-09-19T17:40:54.252+0000] {standard_task_runner.py:64} INFO - Started process 733 to run task
[2026-09-19T17:40:54.331+0000] {task_command.py:426} INFO - Running <TaskInstance: weather_pipeline.fetch_weather manual__2026-09-19T17:40:53.588884+00:00 [running]> on host db333aec3d12
[2026-09-19T17:40:54.479+0000] {taskinstance.py:2648} INFO - Exporting env vars: AIRFLOW_CTX_DAG_OWNER='***' AIRFLOW_CTX_DAG_ID='weather_pipeline' AIRFLOW_CTX_TASK_ID='fetch_weather' AIRFLOW_CTX_EXECUTION_DATE='2026-09-19T17:40:53.588884+00:00' AIRFLOW_CTX_TRY_NUMBER='1' AIRFLOW_CTX_DAG_RUN_ID='manual__2026-09-19T17:40:53.588884+00:00'
[2026-09-19T17:40:54.481+0000] {taskinstance.py:430} INFO - ::endgroup::
[2026-09-19T17:40:54.818+0000] {weather.py:76} INFO - Successfully fetched weather data.
[2026-09-19T17:40:55.130+0000] {weather.py:76} INFO - Successfully fetched weather data.
[2026-09-19T17:40:55.443+0000] {weather.py:76} INFO - Successfully fetched weather data.
[2026-09-19T17:40:55.761+0000] {weather.py:76} INFO - Successfully fetched weather data.
[2026-09-19T17:40:56.068+0000] {weather.py:76} INFO - Successfully fetched weather data.
[2026-09-19T17:40:56.374+0000] {weather.py:76} INFO - Successfully fetched weather data.
[2026-09-19T17:40:56.673+0000] {weather.py:76} INFO - Successfully fetched weather data.
[2026-09-19T17:40:56.684+0000] {file_ops.py:54} INFO - 504 added to the file: /opt/***/project/data/weather_raw.json
[2026-09-19T17:40:56.685+0000] {logging_mixin.py:188} INFO - Fetched 504 records
[2026-09-19T17:40:56.686+0000] {python.py:237} INFO - Done. Returned value was: None
[2026-09-19T17:40:56.688+0000] {taskinstance.py:441} INFO - ::group::Post task execution logs
[2026-09-19T17:40:56.709+0000] {taskinstance.py:1206} INFO - Marking task as SUCCESS. dag_id=weather_pipeline, task_id=fetch_weather, run_id=manual__2026-09-19T17:40:53.588884+00:00, execution_date=20260919T174053, start_date=20260919T174054, end_date=20260919T174056
[2026-09-19T17:40:56.755+0000] {local_task_job_runner.py:243} INFO - Task exited with return code 0
[2026-09-19T17:40:56.796+0000] {taskinstance.py:3503} INFO - 1 downstream tasks scheduled from follow-on schedule check
[2026-09-19T17:40:56.799+0000] {local_task_job_runner.py:222} INFO - ::endgroup::
