[2026-09-19T17:41:02.027+0000] {local_task_job_runner.py:120} INFO - ::group::Pre task execution logs
[2026-09-19T17:41:02.081+0000] {taskinstance.py:2076} INFO - Dependencies all met for dep_context=non-requeueable deps ti=<TaskInstance: weather_pipeline.log_city_stats manual__2026-09-19T17:40:53.588884+00:00 [queued]>
[2026-09-19T17:41:02.096+0000] {taskinstance.py:2076} INFO - Dependencies all met for dep_context=requeueable deps ti=<TaskInstance: weather_pipeline.log_city_stats manual__2026-09-19T17:40:53.588884+00:00 [queued]>
[2026-09-19T17:41:02.097+0000] {taskinstance.py:2306} INFO - Starting attempt 1 of 2
[2026-09-19T17:41:02.118+0000] {taskinstance.py:2330} INFO - Executing <Task(PythonOperator): log_city_stats> on 2026-09-19 17:40:53.588884+00:00
[2026-09-19T17:41:02.129+0000] {standard_task_runner.py:90} INFO - Running: ['***', 'tasks', 'run', 'weather_pipeline', 'log_city_stats', 'manual__2026-09-19T17:40:53.588884+00:00', '--job-id', '21', '--raw', '--subdir', 'DAGS_FOLDER/weather_pipeline_dag.py', '--cfg-path', '/tmp/tmpmshdu11r']
[2026-09-19T17:41:02.132+0000] {standard_task_runner.py:91} INFO - Job 21: Subtask log_city_stats
[2026-09-19T17:41:02.134+0000] {logging_mixin.py:188} WARNING - /home/***/.local/lib/python3.12/site-packages/***/task/task_runner/standard_task_runner.py:62 DeprecationWarning: This process (pid=742) is multi-threaded, use of fork() may lead to deadlocks in the child.
[2026-09-19T17:41:02.135+0000] {standard_task_runner.py:64} INFO - Started process 743 to run task
[2026-09-19T17:41:02.223+0000] {task_command.py:426} INFO - Running <TaskInstance: weather_pipeline.log_city_stats manual__2026-09-19T17:40:53.588884+00:00 [running]> on host db333aec3d12
[2026-09-19T17:41:02.398+0000] {taskinstance.py:2648} INFO - Exporting env vars: AIRFLOW_CTX_DAG_OWNER='***' AIRFLOW_CTX_DAG_ID='weather_pipeline' AIRFLOW_CTX_TASK_ID='log_city_stats' AIRFLOW_CTX_EXECUTION_DATE='2026-09-19T17:40:53.588884+00:00' AIRFLOW_CTX_TRY_NUMBER='1' AIRFLOW_CTX_DAG_RUN_ID='manual__2026-09-19T17:40:53.588884+00:00'
[2026-09-19T17:41:02.399+0000] {taskinstance.py:430} INFO - ::endgroup::
[2026-09-19T17:41:03.066+0000] {logging_mixin.py:188} INFO - alexandria: avg=26.4°C max=29.3°C
[2026-09-19T17:41:03.066+0000] {logging_mixin.py:188} INFO - amman: avg=22.7°C max=29.8°C
[2026-09-19T17:41:03.067+0000] {logging_mixin.py:188} INFO - beirut: avg=26.3°C max=28.9°C
[2026-09-19T17:41:03.067+0000] {logging_mixin.py:188} INFO - cairo: avg=26.9°C max=33.0°C
[2026-09-19T17:41:03.067+0000] {logging_mixin.py:188} INFO - dubai: avg=33.6°C max=42.0°C
[2026-09-19T17:41:03.068+0000] {logging_mixin.py:188} INFO - kuwait city: avg=36.3°C max=44.0°C
[2026-09-19T17:41:03.068+0000] {logging_mixin.py:188} INFO - riyadh: avg=35.7°C max=42.0°C
[2026-09-19T17:41:03.069+0000] {python.py:237} INFO - Done. Returned value was: None
[2026-09-19T17:41:03.069+0000] {taskinstance.py:441} INFO - ::group::Post task execution logs
[2026-09-19T17:41:03.094+0000] {taskinstance.py:1206} INFO - Marking task as SUCCESS. dag_id=weather_pipeline, task_id=log_city_stats, run_id=manual__2026-09-19T17:40:53.588884+00:00, execution_date=20260919T174053, start_date=20260919T174102, end_date=20260919T174103
[2026-09-19T17:41:03.154+0000] {local_task_job_runner.py:243} INFO - Task exited with return code 0
[2026-09-19T17:41:03.186+0000] {taskinstance.py:3503} INFO - 0 downstream tasks scheduled from follow-on schedule check
[2026-09-19T17:41:03.189+0000] {local_task_job_runner.py:222} INFO - ::endgroup::
