[2026-09-19T17:13:16.268+0000] {local_task_job_runner.py:120} INFO - ::group::Pre task execution logs
[2026-09-19T17:13:16.319+0000] {taskinstance.py:2076} INFO - Dependencies all met for dep_context=non-requeueable deps ti=<TaskInstance: weather_pipeline.run_dbt scheduled__2026-09-18T00:00:00+00:00 [queued]>
[2026-09-19T17:13:16.333+0000] {taskinstance.py:2076} INFO - Dependencies all met for dep_context=requeueable deps ti=<TaskInstance: weather_pipeline.run_dbt scheduled__2026-09-18T00:00:00+00:00 [queued]>
[2026-09-19T17:13:16.333+0000] {taskinstance.py:2306} INFO - Starting attempt 2 of 3
[2026-09-19T17:13:16.361+0000] {taskinstance.py:2330} INFO - Executing <Task(BashOperator): run_dbt> on 2026-09-18 00:00:00+00:00
[2026-09-19T17:13:16.371+0000] {standard_task_runner.py:90} INFO - Running: ['***', 'tasks', 'run', 'weather_pipeline', 'run_dbt', 'scheduled__2026-09-18T00:00:00+00:00', '--job-id', '13', '--raw', '--subdir', 'DAGS_FOLDER/weather_pipeline_dag.py', '--cfg-path', '/tmp/tmp16n7l81q']
[2026-09-19T17:13:16.375+0000] {standard_task_runner.py:91} INFO - Job 13: Subtask run_dbt
[2026-09-19T17:13:16.381+0000] {logging_mixin.py:188} WARNING - /home/***/.local/lib/python3.12/site-packages/***/task/task_runner/standard_task_runner.py:62 DeprecationWarning: This process (pid=399) is multi-threaded, use of fork() may lead to deadlocks in the child.
[2026-09-19T17:13:16.382+0000] {standard_task_runner.py:64} INFO - Started process 400 to run task
[2026-09-19T17:13:16.451+0000] {task_command.py:426} INFO - Running <TaskInstance: weather_pipeline.run_dbt scheduled__2026-09-18T00:00:00+00:00 [running]> on host db333aec3d12
[2026-09-19T17:13:16.573+0000] {taskinstance.py:2648} INFO - Exporting env vars: AIRFLOW_CTX_DAG_OWNER='***' AIRFLOW_CTX_DAG_ID='weather_pipeline' AIRFLOW_CTX_TASK_ID='run_dbt' AIRFLOW_CTX_EXECUTION_DATE='2026-09-18T00:00:00+00:00' AIRFLOW_CTX_TRY_NUMBER='2' AIRFLOW_CTX_DAG_RUN_ID='scheduled__2026-09-18T00:00:00+00:00'
[2026-09-19T17:13:16.574+0000] {taskinstance.py:430} INFO - ::endgroup::
[2026-09-19T17:13:16.593+0000] {subprocess.py:63} INFO - Tmp dir root location: /tmp
[2026-09-19T17:13:16.594+0000] {subprocess.py:75} INFO - Running command: ['/usr/bin/bash', '-c', 'cd /opt/***/project/weather_dbt && dbt run --profiles-dir .']
[2026-09-19T17:13:16.605+0000] {subprocess.py:86} INFO - Output:
[2026-09-19T17:13:20.415+0000] {subprocess.py:93} INFO - [0m17:13:20  Running with dbt=1.12.5
[2026-09-19T17:13:20.922+0000] {subprocess.py:93} INFO - [0m17:13:20  Registered adapter: duckdb=1.11.0
[2026-09-19T17:13:21.466+0000] {subprocess.py:93} INFO - [0m17:13:21  Unable to do partial parsing because profile has changed
[2026-09-19T17:13:24.974+0000] {subprocess.py:93} INFO - [0m17:13:24  [[33mWARNING[0m][MissingArgumentsPropertyInGenericTestDeprecation]: Deprecated
[2026-09-19T17:13:24.975+0000] {subprocess.py:93} INFO - functionality
[2026-09-19T17:13:24.975+0000] {subprocess.py:93} INFO - Found top-level arguments to test `accepted_values` defined on 'stg_deliveries'
[2026-09-19T17:13:24.975+0000] {subprocess.py:93} INFO - in package 'weather_dbt' (models/staging/schema.yml). Arguments to generic tests
[2026-09-19T17:13:24.976+0000] {subprocess.py:93} INFO - should be nested under the `arguments` property.
[2026-09-19T17:13:25.805+0000] {subprocess.py:93} INFO - [0m17:13:25  Found 8 models, 1 snapshot, 22 data tests, 1 seed, 3 sources, 503 macros
[2026-09-19T17:13:25.809+0000] {subprocess.py:93} INFO - [0m17:13:25
[2026-09-19T17:13:25.810+0000] {subprocess.py:93} INFO - [0m17:13:25  Concurrency: 1 threads (target='dev')
[2026-09-19T17:13:25.810+0000] {subprocess.py:93} INFO - [0m17:13:25
[2026-09-19T17:13:25.987+0000] {subprocess.py:93} INFO - [0m17:13:25  1 of 8 START sql view model main.stg_deliveries ................................ [RUN]
[2026-09-19T17:13:26.119+0000] {subprocess.py:93} INFO - [0m17:13:26  1 of 8 OK created sql view model main.stg_deliveries ........................... [[32mOK[0m in 0.13s]
[2026-09-19T17:13:26.122+0000] {subprocess.py:93} INFO - [0m17:13:26  2 of 8 START sql view model main.stg_orders .................................... [RUN]
[2026-09-19T17:13:26.170+0000] {subprocess.py:93} INFO - [0m17:13:26  2 of 8 OK created sql view model main.stg_orders ............................... [[32mOK[0m in 0.05s]
[2026-09-19T17:13:26.173+0000] {subprocess.py:93} INFO - [0m17:13:26  3 of 8 START sql view model main.stg_weather ................................... [RUN]
[2026-09-19T17:13:26.222+0000] {subprocess.py:93} INFO - [0m17:13:26  3 of 8 OK created sql view model main.stg_weather .............................. [[32mOK[0m in 0.05s]
[2026-09-19T17:13:26.227+0000] {subprocess.py:93} INFO - [0m17:13:26  4 of 8 START sql view model main.int_orders_by_restaurant ...................... [RUN]
[2026-09-19T17:13:26.275+0000] {subprocess.py:93} INFO - [0m17:13:26  4 of 8 OK created sql view model main.int_orders_by_restaurant ................. [[32mOK[0m in 0.05s]
[2026-09-19T17:13:26.278+0000] {subprocess.py:93} INFO - [0m17:13:26  5 of 8 START sql table model main.mart_city_orders ............................. [RUN]
[2026-09-19T17:13:26.398+0000] {subprocess.py:93} INFO - [0m17:13:26  5 of 8 OK created sql table model main.mart_city_orders ........................ [[32mOK[0m in 0.12s]
[2026-09-19T17:13:26.400+0000] {subprocess.py:93} INFO - [0m17:13:26  6 of 8 START sql view model main.int_orders_enriched ........................... [RUN]
[2026-09-19T17:13:26.446+0000] {subprocess.py:93} INFO - [0m17:13:26  6 of 8 OK created sql view model main.int_orders_enriched ...................... [[32mOK[0m in 0.04s]
[2026-09-19T17:13:26.449+0000] {subprocess.py:93} INFO - [0m17:13:26  7 of 8 START sql table model main.mart_restaurant_summary ...................... [RUN]
[2026-09-19T17:13:26.504+0000] {subprocess.py:93} INFO - [0m17:13:26  7 of 8 OK created sql table model main.mart_restaurant_summary ................. [[32mOK[0m in 0.05s]
[2026-09-19T17:13:26.508+0000] {subprocess.py:93} INFO - [0m17:13:26  8 of 8 START sql table model main.mart_city_summary ............................ [RUN]
[2026-09-19T17:13:26.575+0000] {subprocess.py:93} INFO - [0m17:13:26  8 of 8 OK created sql table model main.mart_city_summary ....................... [[32mOK[0m in 0.06s]
[2026-09-19T17:13:26.584+0000] {subprocess.py:93} INFO - [0m17:13:26
[2026-09-19T17:13:26.585+0000] {subprocess.py:93} INFO - [0m17:13:26  Finished running 3 table models, 5 view models in 0 hours 0 minutes and 0.77 seconds (0.77s).
[2026-09-19T17:13:26.668+0000] {subprocess.py:93} INFO - [0m17:13:26
[2026-09-19T17:13:26.669+0000] {subprocess.py:93} INFO - [0m17:13:26  [32mCompleted successfully[0m
[2026-09-19T17:13:26.669+0000] {subprocess.py:93} INFO - [0m17:13:26
[2026-09-19T17:13:26.670+0000] {subprocess.py:93} INFO - [0m17:13:26  Done. PASS=8 WARN=0 ERROR=0 SKIP=0 NO-OP=0 REUSED=0 TOTAL=8
[2026-09-19T17:13:26.671+0000] {subprocess.py:93} INFO - [0m17:13:26  [[33mWARNING[0m][DeprecationsSummary]: Deprecated functionality
[2026-09-19T17:13:26.671+0000] {subprocess.py:93} INFO - Summary of encountered deprecations:
[2026-09-19T17:13:26.671+0000] {subprocess.py:93} INFO - - MissingArgumentsPropertyInGenericTestDeprecation: 2 occurrences
[2026-09-19T17:13:26.672+0000] {subprocess.py:93} INFO - To see all deprecation instances instead of just the first occurrence of each,
[2026-09-19T17:13:26.672+0000] {subprocess.py:93} INFO - run command again with the `--show-all-deprecations` flag. You may also need to
[2026-09-19T17:13:26.672+0000] {subprocess.py:93} INFO - run with `--no-partial-parse` as some deprecations are only encountered during
[2026-09-19T17:13:26.672+0000] {subprocess.py:93} INFO - parsing.
[2026-09-19T17:13:27.941+0000] {subprocess.py:97} INFO - Command exited with return code 0
[2026-09-19T17:13:27.942+0000] {taskinstance.py:441} INFO - ::group::Post task execution logs
[2026-09-19T17:13:27.992+0000] {taskinstance.py:1206} INFO - Marking task as SUCCESS. dag_id=weather_pipeline, task_id=run_dbt, run_id=scheduled__2026-09-18T00:00:00+00:00, execution_date=20260918T000000, start_date=20260919T171316, end_date=20260919T171327
[2026-09-19T17:13:28.038+0000] {local_task_job_runner.py:243} INFO - Task exited with return code 0
[2026-09-19T17:13:28.062+0000] {taskinstance.py:3503} INFO - 0 downstream tasks scheduled from follow-on schedule check
[2026-09-19T17:13:28.065+0000] {local_task_job_runner.py:222} INFO - ::endgroup::
