[2026-09-19T17:09:18.950+0000] {local_task_job_runner.py:120} INFO - ::group::Pre task execution logs
[2026-09-19T17:09:18.998+0000] {taskinstance.py:2076} INFO - Dependencies all met for dep_context=non-requeueable deps ti=<TaskInstance: weather_pipeline.run_dbt scheduled__2026-09-18T00:00:00+00:00 [queued]>
[2026-09-19T17:09:19.010+0000] {taskinstance.py:2076} INFO - Dependencies all met for dep_context=requeueable deps ti=<TaskInstance: weather_pipeline.run_dbt scheduled__2026-09-18T00:00:00+00:00 [queued]>
[2026-09-19T17:09:19.011+0000] {taskinstance.py:2306} INFO - Starting attempt 1 of 2
[2026-09-19T17:09:19.031+0000] {taskinstance.py:2330} INFO - Executing <Task(BashOperator): run_dbt> on 2026-09-18 00:00:00+00:00
[2026-09-19T17:09:19.039+0000] {standard_task_runner.py:90} INFO - Running: ['***', 'tasks', 'run', 'weather_pipeline', 'run_dbt', 'scheduled__2026-09-18T00:00:00+00:00', '--job-id', '9', '--raw', '--subdir', 'DAGS_FOLDER/weather_pipeline_dag.py', '--cfg-path', '/tmp/tmp0kp0itx_']
[2026-09-19T17:09:19.042+0000] {standard_task_runner.py:91} INFO - Job 9: Subtask run_dbt
[2026-09-19T17:09:19.045+0000] {logging_mixin.py:188} WARNING - /home/***/.local/lib/python3.12/site-packages/***/task/task_runner/standard_task_runner.py:62 DeprecationWarning: This process (pid=342) is multi-threaded, use of fork() may lead to deadlocks in the child.
[2026-09-19T17:09:19.046+0000] {standard_task_runner.py:64} INFO - Started process 343 to run task
[2026-09-19T17:09:19.115+0000] {task_command.py:426} INFO - Running <TaskInstance: weather_pipeline.run_dbt scheduled__2026-09-18T00:00:00+00:00 [running]> on host db333aec3d12
[2026-09-19T17:09:19.245+0000] {taskinstance.py:2648} INFO - Exporting env vars: AIRFLOW_CTX_DAG_OWNER='***' AIRFLOW_CTX_DAG_ID='weather_pipeline' AIRFLOW_CTX_TASK_ID='run_dbt' AIRFLOW_CTX_EXECUTION_DATE='2026-09-18T00:00:00+00:00' AIRFLOW_CTX_TRY_NUMBER='1' AIRFLOW_CTX_DAG_RUN_ID='scheduled__2026-09-18T00:00:00+00:00'
[2026-09-19T17:09:19.245+0000] {taskinstance.py:430} INFO - ::endgroup::
[2026-09-19T17:09:19.263+0000] {subprocess.py:63} INFO - Tmp dir root location: /tmp
[2026-09-19T17:09:19.263+0000] {subprocess.py:75} INFO - Running command: ['/usr/bin/bash', '-c', 'cd /opt/***/project/weather_dbt && dbt run --profiles-dir .']
[2026-09-19T17:09:19.274+0000] {subprocess.py:86} INFO - Output:
[2026-09-19T17:09:24.072+0000] {subprocess.py:93} INFO - [0m17:09:24  [[31mERROR[0m]: Encountered an error:
[2026-09-19T17:09:24.072+0000] {subprocess.py:93} INFO - [Errno 13] Permission denied: '/opt/***/project/weather_dbt/logs/dbt.log'
[2026-09-19T17:09:24.074+0000] {subprocess.py:93} INFO - [0m17:09:24  Traceback (most recent call last):
[2026-09-19T17:09:24.075+0000] {subprocess.py:93} INFO -   File "/home/***/.local/lib/python3.12/site-packages/dbt/cli/requires.py", line 198, in wrapper
[2026-09-19T17:09:24.075+0000] {subprocess.py:93} INFO -     result, success = func(*args, **kwargs)
[2026-09-19T17:09:24.075+0000] {subprocess.py:93} INFO -                       ^^^^^^^^^^^^^^^^^^^^^
[2026-09-19T17:09:24.076+0000] {subprocess.py:93} INFO -   File "/home/***/.local/lib/python3.12/site-packages/dbt/cli/requires.py", line 112, in wrapper
[2026-09-19T17:09:24.076+0000] {subprocess.py:93} INFO -     setup_event_logger(flags=flags, callbacks=callbacks)
[2026-09-19T17:09:24.077+0000] {subprocess.py:93} INFO -   File "/home/***/.local/lib/python3.12/site-packages/dbt/events/logging.py", line 100, in setup_event_logger
[2026-09-19T17:09:24.077+0000] {subprocess.py:93} INFO -     add_logger_to_manager(
[2026-09-19T17:09:24.078+0000] {subprocess.py:93} INFO -   File "/home/***/.local/lib/python3.12/site-packages/dbt_common/events/event_manager_client.py", line 15, in add_logger_to_manager
[2026-09-19T17:09:24.078+0000] {subprocess.py:93} INFO -     _EVENT_MANAGER.add_logger(logger)
[2026-09-19T17:09:24.078+0000] {subprocess.py:93} INFO -   File "/home/***/.local/lib/python3.12/site-packages/dbt_common/events/event_manager.py", line 106, in add_logger
[2026-09-19T17:09:24.078+0000] {subprocess.py:93} INFO -     _JsonLogger(config) if config.line_format == LineFormat.Json else _TextLogger(config)
[2026-09-19T17:09:24.079+0000] {subprocess.py:93} INFO -                                                                       ^^^^^^^^^^^^^^^^^^^
[2026-09-19T17:09:24.079+0000] {subprocess.py:93} INFO -   File "/home/***/.local/lib/python3.12/site-packages/dbt_common/events/logger.py", line 147, in __init__
[2026-09-19T17:09:24.079+0000] {subprocess.py:93} INFO -     super().__init__(config)
[2026-09-19T17:09:24.080+0000] {subprocess.py:93} INFO -   File "/home/***/.local/lib/python3.12/site-packages/dbt_common/events/logger.py", line 107, in __init__
[2026-09-19T17:09:24.080+0000] {subprocess.py:93} INFO -     file_handler = RotatingFileHandler(
[2026-09-19T17:09:24.080+0000] {subprocess.py:93} INFO -                    ^^^^^^^^^^^^^^^^^^^^
[2026-09-19T17:09:24.080+0000] {subprocess.py:93} INFO -   File "/usr/local/lib/python3.12/logging/handlers.py", line 155, in __init__
[2026-09-19T17:09:24.081+0000] {subprocess.py:93} INFO -     BaseRotatingHandler.__init__(self, filename, mode, encoding=encoding,
[2026-09-19T17:09:24.081+0000] {subprocess.py:93} INFO -   File "/usr/local/lib/python3.12/logging/handlers.py", line 58, in __init__
[2026-09-19T17:09:24.081+0000] {subprocess.py:93} INFO -     logging.FileHandler.__init__(self, filename, mode=mode,
[2026-09-19T17:09:24.081+0000] {subprocess.py:93} INFO -   File "/usr/local/lib/python3.12/logging/__init__.py", line 1231, in __init__
[2026-09-19T17:09:24.082+0000] {subprocess.py:93} INFO -     StreamHandler.__init__(self, self._open())
[2026-09-19T17:09:24.082+0000] {subprocess.py:93} INFO -                                  ^^^^^^^^^^^^
[2026-09-19T17:09:24.082+0000] {subprocess.py:93} INFO -   File "/usr/local/lib/python3.12/logging/__init__.py", line 1263, in _open
[2026-09-19T17:09:24.083+0000] {subprocess.py:93} INFO -     return open_func(self.baseFilename, self.mode,
[2026-09-19T17:09:24.083+0000] {subprocess.py:93} INFO -            ^^^^^^^^^^^^^^^^^^^^^^^^^^^^^^^^^^^^^^^
[2026-09-19T17:09:24.084+0000] {subprocess.py:93} INFO - PermissionError: [Errno 13] Permission denied: '/opt/***/project/weather_dbt/logs/dbt.log'
[2026-09-19T17:09:24.084+0000] {subprocess.py:93} INFO - 
[2026-09-19T17:09:24.448+0000] {subprocess.py:97} INFO - Command exited with return code 2
[2026-09-19T17:09:24.449+0000] {taskinstance.py:441} INFO - ::group::Post task execution logs
[2026-09-19T17:09:24.467+0000] {taskinstance.py:2905} ERROR - Task failed with exception
Traceback (most recent call last):
  File "/home/airflow/.local/lib/python3.12/site-packages/airflow/models/taskinstance.py", line 465, in _execute_task
    result = _execute_callable(context=context, **execute_callable_kwargs)
             ^^^^^^^^^^^^^^^^^^^^^^^^^^^^^^^^^^^^^^^^^^^^^^^^^^^^^^^^^^^^^
  File "/home/airflow/.local/lib/python3.12/site-packages/airflow/models/taskinstance.py", line 432, in _execute_callable
    return execute_callable(context=context, **execute_callable_kwargs)
           ^^^^^^^^^^^^^^^^^^^^^^^^^^^^^^^^^^^^^^^^^^^^^^^^^^^^^^^^^^^^
  File "/home/airflow/.local/lib/python3.12/site-packages/airflow/models/baseoperator.py", line 401, in wrapper
    return func(self, *args, **kwargs)
           ^^^^^^^^^^^^^^^^^^^^^^^^^^^
  File "/home/airflow/.local/lib/python3.12/site-packages/airflow/operators/bash.py", line 243, in execute
    raise AirflowException(
airflow.exceptions.AirflowException: Bash command failed. The command returned a non-zero exit code 2.
[2026-09-19T17:09:24.471+0000] {taskinstance.py:1206} INFO - Marking task as UP_FOR_RETRY. dag_id=weather_pipeline, task_id=run_dbt, run_id=scheduled__2026-09-18T00:00:00+00:00, execution_date=20260918T000000, start_date=20260919T170918, end_date=20260919T170924
[2026-09-19T17:09:24.490+0000] {standard_task_runner.py:110} ERROR - Failed to execute job 9 for task run_dbt (Bash command failed. The command returned a non-zero exit code 2.; 343)
[2026-09-19T17:09:24.500+0000] {local_task_job_runner.py:243} INFO - Task exited with return code 1
[2026-09-19T17:09:24.524+0000] {taskinstance.py:3503} INFO - 0 downstream tasks scheduled from follow-on schedule check
[2026-09-19T17:09:24.527+0000] {local_task_job_runner.py:222} INFO - ::endgroup::
[2026-09-19T17:11:49.095+0000] {local_task_job_runner.py:120} INFO - ::group::Pre task execution logs
[2026-09-19T17:11:49.185+0000] {taskinstance.py:2076} INFO - Dependencies all met for dep_context=non-requeueable deps ti=<TaskInstance: weather_pipeline.run_dbt scheduled__2026-09-18T00:00:00+00:00 [queued]>
[2026-09-19T17:11:49.210+0000] {taskinstance.py:2076} INFO - Dependencies all met for dep_context=requeueable deps ti=<TaskInstance: weather_pipeline.run_dbt scheduled__2026-09-18T00:00:00+00:00 [queued]>
[2026-09-19T17:11:49.211+0000] {taskinstance.py:2306} INFO - Starting attempt 1 of 2
[2026-09-19T17:11:49.249+0000] {taskinstance.py:2330} INFO - Executing <Task(BashOperator): run_dbt> on 2026-09-18 00:00:00+00:00
[2026-09-19T17:11:49.259+0000] {standard_task_runner.py:90} INFO - Running: ['***', 'tasks', 'run', 'weather_pipeline', 'run_dbt', 'scheduled__2026-09-18T00:00:00+00:00', '--job-id', '12', '--raw', '--subdir', 'DAGS_FOLDER/weather_pipeline_dag.py', '--cfg-path', '/tmp/tmpm3l4q7p8']
[2026-09-19T17:11:49.263+0000] {standard_task_runner.py:91} INFO - Job 12: Subtask run_dbt
[2026-09-19T17:11:49.267+0000] {logging_mixin.py:188} WARNING - /home/***/.local/lib/python3.12/site-packages/***/task/task_runner/standard_task_runner.py:62 DeprecationWarning: This process (pid=375) is multi-threaded, use of fork() may lead to deadlocks in the child.
[2026-09-19T17:11:49.268+0000] {standard_task_runner.py:64} INFO - Started process 376 to run task
[2026-09-19T17:11:49.354+0000] {task_command.py:426} INFO - Running <TaskInstance: weather_pipeline.run_dbt scheduled__2026-09-18T00:00:00+00:00 [running]> on host db333aec3d12
[2026-09-19T17:11:49.502+0000] {taskinstance.py:2648} INFO - Exporting env vars: AIRFLOW_CTX_DAG_OWNER='***' AIRFLOW_CTX_DAG_ID='weather_pipeline' AIRFLOW_CTX_TASK_ID='run_dbt' AIRFLOW_CTX_EXECUTION_DATE='2026-09-18T00:00:00+00:00' AIRFLOW_CTX_TRY_NUMBER='1' AIRFLOW_CTX_DAG_RUN_ID='scheduled__2026-09-18T00:00:00+00:00'
[2026-09-19T17:11:49.502+0000] {taskinstance.py:430} INFO - ::endgroup::
[2026-09-19T17:11:49.524+0000] {subprocess.py:63} INFO - Tmp dir root location: /tmp
[2026-09-19T17:11:49.525+0000] {subprocess.py:75} INFO - Running command: ['/usr/bin/bash', '-c', 'cd /opt/***/project/weather_dbt && dbt run --profiles-dir .']
[2026-09-19T17:11:49.539+0000] {subprocess.py:86} INFO - Output:
[2026-09-19T17:11:53.940+0000] {subprocess.py:93} INFO - [0m17:11:53  Running with dbt=1.12.5
[2026-09-19T17:11:54.478+0000] {subprocess.py:93} INFO - [0m17:11:54  Registered adapter: duckdb=1.11.0
[2026-09-19T17:11:55.437+0000] {subprocess.py:93} INFO - [0m17:11:55  Found 8 models, 1 snapshot, 22 data tests, 1 seed, 3 sources, 503 macros
[2026-09-19T17:11:55.443+0000] {subprocess.py:93} INFO - [0m17:11:55
[2026-09-19T17:11:55.445+0000] {subprocess.py:93} INFO - [0m17:11:55  Concurrency: 1 threads (target='dev')
[2026-09-19T17:11:55.446+0000] {subprocess.py:93} INFO - [0m17:11:55
[2026-09-19T17:11:55.567+0000] {subprocess.py:93} INFO - [0m17:11:55
[2026-09-19T17:11:55.568+0000] {subprocess.py:93} INFO - [0m17:11:55  Finished running  in 0 hours 0 minutes and 0.12 seconds (0.12s).
[2026-09-19T17:11:55.569+0000] {subprocess.py:93} INFO - [0m17:11:55  [[31mERROR[0m]: Encountered an error:
[2026-09-19T17:11:55.569+0000] {subprocess.py:93} INFO - IO Error: Cannot open file "/app/data/warehouse.db": No such file or directory
[2026-09-19T17:11:55.580+0000] {subprocess.py:93} INFO - [0m17:11:55  Traceback (most recent call last):
[2026-09-19T17:11:55.581+0000] {subprocess.py:93} INFO -   File "/home/***/.local/lib/python3.12/site-packages/dbt/adapters/duckdb/connections.py", line 110, in exception_handler
[2026-09-19T17:11:55.581+0000] {subprocess.py:93} INFO -     yield
[2026-09-19T17:11:55.582+0000] {subprocess.py:93} INFO -   File "/home/***/.local/lib/python3.12/site-packages/dbt/adapters/sql/connections.py", line 147, in add_query
[2026-09-19T17:11:55.582+0000] {subprocess.py:93} INFO -     cursor = connection.handle.cursor()
[2026-09-19T17:11:55.583+0000] {subprocess.py:93} INFO -              ^^^^^^^^^^^^^^^^^
[2026-09-19T17:11:55.583+0000] {subprocess.py:93} INFO -   File "/home/***/.local/lib/python3.12/site-packages/dbt/adapters/contracts/connection.py", line 96, in handle
[2026-09-19T17:11:55.583+0000] {subprocess.py:93} INFO -     self._handle.resolve(self)
[2026-09-19T17:11:55.584+0000] {subprocess.py:93} INFO -   File "/home/***/.local/lib/python3.12/site-packages/dbt/adapters/contracts/connection.py", line 120, in resolve
[2026-09-19T17:11:55.584+0000] {subprocess.py:93} INFO -     return self.opener(connection)
[2026-09-19T17:11:55.585+0000] {subprocess.py:93} INFO -            ^^^^^^^^^^^^^^^^^^^^^^^
[2026-09-19T17:11:55.585+0000] {subprocess.py:93} INFO -   File "/home/***/.local/lib/python3.12/site-packages/dbt/adapters/duckdb/connections.py", line 68, in open
[2026-09-19T17:11:55.585+0000] {subprocess.py:93} INFO -     connection.handle = cls._ENV.handle()
[2026-09-19T17:11:55.586+0000] {subprocess.py:93} INFO -                         ^^^^^^^^^^^^^^^^^
[2026-09-19T17:11:55.586+0000] {subprocess.py:93} INFO -   File "/home/***/.local/lib/python3.12/site-packages/dbt/adapters/duckdb/environments/local.py", line 79, in handle
[2026-09-19T17:11:55.586+0000] {subprocess.py:93} INFO -     self.conn = self.initialize_db(self.creds, self._plugins)
[2026-09-19T17:11:55.587+0000] {subprocess.py:93} INFO -                 ^^^^^^^^^^^^^^^^^^^^^^^^^^^^^^^^^^^^^^^^^^^^^
[2026-09-19T17:11:55.587+0000] {subprocess.py:93} INFO -   File "/home/***/.local/lib/python3.12/site-packages/dbt/adapters/duckdb/environments/__init__.py", line 164, in initialize_db
[2026-09-19T17:11:55.588+0000] {subprocess.py:93} INFO -     conn = duckdb.connect(creds.path, read_only=False, config=config)
[2026-09-19T17:11:55.588+0000] {subprocess.py:93} INFO -            ^^^^^^^^^^^^^^^^^^^^^^^^^^^^^^^^^^^^^^^^^^^^^^^^^^^^^^^^^^
[2026-09-19T17:11:55.588+0000] {subprocess.py:93} INFO - _duckdb.IOException: IO Error: Cannot open file "/app/data/warehouse.db": No such file or directory
[2026-09-19T17:11:55.589+0000] {subprocess.py:93} INFO - 
[2026-09-19T17:11:55.589+0000] {subprocess.py:93} INFO - During handling of the above exception, another exception occurred:
[2026-09-19T17:11:55.589+0000] {subprocess.py:93} INFO - 
[2026-09-19T17:11:55.590+0000] {subprocess.py:93} INFO - Traceback (most recent call last):
[2026-09-19T17:11:55.590+0000] {subprocess.py:93} INFO -   File "/home/***/.local/lib/python3.12/site-packages/dbt/adapters/duckdb/connections.py", line 110, in exception_handler
[2026-09-19T17:11:55.591+0000] {subprocess.py:93} INFO -     yield
[2026-09-19T17:11:55.591+0000] {subprocess.py:93} INFO -   File "/home/***/.local/lib/python3.12/site-packages/dbt/adapters/base/impl.py", line 1372, in execute_macro
[2026-09-19T17:11:55.592+0000] {subprocess.py:93} INFO -     result = macro_function(**kwargs)
[2026-09-19T17:11:55.592+0000] {subprocess.py:93} INFO -              ^^^^^^^^^^^^^^^^^^^^^^^^
[2026-09-19T17:11:55.592+0000] {subprocess.py:93} INFO -   File "/home/***/.local/lib/python3.12/site-packages/dbt_common/clients/jinja.py", line 427, in __call__
[2026-09-19T17:11:55.593+0000] {subprocess.py:93} INFO -     return self.call_macro(*args, **kwargs)
[2026-09-19T17:11:55.593+0000] {subprocess.py:93} INFO -            ^^^^^^^^^^^^^^^^^^^^^^^^^^^^^^^^
[2026-09-19T17:11:55.594+0000] {subprocess.py:93} INFO -   File "/home/***/.local/lib/python3.12/site-packages/dbt_common/clients/jinja.py", line 395, in call_macro
[2026-09-19T17:11:55.594+0000] {subprocess.py:93} INFO -     return macro(*args, **kwargs)
[2026-09-19T17:11:55.595+0000] {subprocess.py:93} INFO -            ^^^^^^^^^^^^^^^^^^^^^^
[2026-09-19T17:11:55.595+0000] {subprocess.py:93} INFO -   File "/home/***/.local/lib/python3.12/site-packages/jinja2/runtime.py", line 770, in __call__
[2026-09-19T17:11:55.595+0000] {subprocess.py:93} INFO -     return self._invoke(arguments, autoescape)
[2026-09-19T17:11:55.595+0000] {subprocess.py:93} INFO -            ^^^^^^^^^^^^^^^^^^^^^^^^^^^^^^^^^^^
[2026-09-19T17:11:55.596+0000] {subprocess.py:93} INFO -   File "/home/***/.local/lib/python3.12/site-packages/jinja2/runtime.py", line 784, in _invoke
[2026-09-19T17:11:55.596+0000] {subprocess.py:93} INFO -     rv = self._func(*arguments)
[2026-09-19T17:11:55.596+0000] {subprocess.py:93} INFO -          ^^^^^^^^^^^^^^^^^^^^^^
[2026-09-19T17:11:55.596+0000] {subprocess.py:93} INFO -   File "<template>", line 20, in macro
[2026-09-19T17:11:55.597+0000] {subprocess.py:93} INFO -   File "/home/***/.local/lib/python3.12/site-packages/jinja2/sandbox.py", line 401, in call
[2026-09-19T17:11:55.597+0000] {subprocess.py:93} INFO -     return __context.call(__obj, *args, **kwargs)
[2026-09-19T17:11:55.597+0000] {subprocess.py:93} INFO -            ^^^^^^^^^^^^^^^^^^^^^^^^^^^^^^^^^^^^^^
[2026-09-19T17:11:55.597+0000] {subprocess.py:93} INFO -   File "/home/***/.local/lib/python3.12/site-packages/jinja2/runtime.py", line 303, in call
[2026-09-19T17:11:55.597+0000] {subprocess.py:93} INFO -     return __obj(*args, **kwargs)
[2026-09-19T17:11:55.598+0000] {subprocess.py:93} INFO -            ^^^^^^^^^^^^^^^^^^^^^^
[2026-09-19T17:11:55.598+0000] {subprocess.py:93} INFO -   File "/home/***/.local/lib/python3.12/site-packages/dbt/clients/jinja.py", line 151, in __call__
[2026-09-19T17:11:55.598+0000] {subprocess.py:93} INFO -     return self.call_macro(*args, **kwargs)
[2026-09-19T17:11:55.598+0000] {subprocess.py:93} INFO -            ^^^^^^^^^^^^^^^^^^^^^^^^^^^^^^^^
[2026-09-19T17:11:55.599+0000] {subprocess.py:93} INFO -   File "/home/***/.local/lib/python3.12/site-packages/dbt_common/clients/jinja.py", line 395, in call_macro
[2026-09-19T17:11:55.599+0000] {subprocess.py:93} INFO -     return macro(*args, **kwargs)
[2026-09-19T17:11:55.599+0000] {subprocess.py:93} INFO -            ^^^^^^^^^^^^^^^^^^^^^^
[2026-09-19T17:11:55.599+0000] {subprocess.py:93} INFO -   File "/home/***/.local/lib/python3.12/site-packages/jinja2/runtime.py", line 770, in __call__
[2026-09-19T17:11:55.599+0000] {subprocess.py:93} INFO -     return self._invoke(arguments, autoescape)
[2026-09-19T17:11:55.600+0000] {subprocess.py:93} INFO -            ^^^^^^^^^^^^^^^^^^^^^^^^^^^^^^^^^^^
[2026-09-19T17:11:55.600+0000] {subprocess.py:93} INFO -   File "/home/***/.local/lib/python3.12/site-packages/jinja2/runtime.py", line 784, in _invoke
[2026-09-19T17:11:55.600+0000] {subprocess.py:93} INFO -     rv = self._func(*arguments)
[2026-09-19T17:11:55.600+0000] {subprocess.py:93} INFO -          ^^^^^^^^^^^^^^^^^^^^^^
[2026-09-19T17:11:55.601+0000] {subprocess.py:93} INFO -   File "<template>", line 50, in macro
[2026-09-19T17:11:55.601+0000] {subprocess.py:93} INFO -   File "/home/***/.local/lib/python3.12/site-packages/jinja2/sandbox.py", line 401, in call
[2026-09-19T17:11:55.601+0000] {subprocess.py:93} INFO -     return __context.call(__obj, *args, **kwargs)
[2026-09-19T17:11:55.601+0000] {subprocess.py:93} INFO -            ^^^^^^^^^^^^^^^^^^^^^^^^^^^^^^^^^^^^^^
[2026-09-19T17:11:55.601+0000] {subprocess.py:93} INFO -   File "/home/***/.local/lib/python3.12/site-packages/jinja2/runtime.py", line 303, in call
[2026-09-19T17:11:55.602+0000] {subprocess.py:93} INFO -     return __obj(*args, **kwargs)
[2026-09-19T17:11:55.602+0000] {subprocess.py:93} INFO -            ^^^^^^^^^^^^^^^^^^^^^^
[2026-09-19T17:11:55.602+0000] {subprocess.py:93} INFO -   File "/home/***/.local/lib/python3.12/site-packages/dbt/clients/jinja.py", line 151, in __call__
[2026-09-19T17:11:55.602+0000] {subprocess.py:93} INFO -     return self.call_macro(*args, **kwargs)
[2026-09-19T17:11:55.602+0000] {subprocess.py:93} INFO -            ^^^^^^^^^^^^^^^^^^^^^^^^^^^^^^^^
[2026-09-19T17:11:55.603+0000] {subprocess.py:93} INFO -   File "/home/***/.local/lib/python3.12/site-packages/dbt_common/clients/jinja.py", line 395, in call_macro
[2026-09-19T17:11:55.603+0000] {subprocess.py:93} INFO -     return macro(*args, **kwargs)
[2026-09-19T17:11:55.603+0000] {subprocess.py:93} INFO -            ^^^^^^^^^^^^^^^^^^^^^^
[2026-09-19T17:11:55.603+0000] {subprocess.py:93} INFO -   File "/home/***/.local/lib/python3.12/site-packages/jinja2/runtime.py", line 770, in __call__
[2026-09-19T17:11:55.604+0000] {subprocess.py:93} INFO -     return self._invoke(arguments, autoescape)
[2026-09-19T17:11:55.604+0000] {subprocess.py:93} INFO -            ^^^^^^^^^^^^^^^^^^^^^^^^^^^^^^^^^^^
[2026-09-19T17:11:55.604+0000] {subprocess.py:93} INFO -   File "/home/***/.local/lib/python3.12/site-packages/jinja2/runtime.py", line 784, in _invoke
[2026-09-19T17:11:55.604+0000] {subprocess.py:93} INFO -     rv = self._func(*arguments)
[2026-09-19T17:11:55.604+0000] {subprocess.py:93} INFO -          ^^^^^^^^^^^^^^^^^^^^^^
[2026-09-19T17:11:55.605+0000] {subprocess.py:93} INFO -   File "<template>", line 33, in macro
[2026-09-19T17:11:55.605+0000] {subprocess.py:93} INFO -   File "/home/***/.local/lib/python3.12/site-packages/jinja2/sandbox.py", line 401, in call
[2026-09-19T17:11:55.605+0000] {subprocess.py:93} INFO -     return __context.call(__obj, *args, **kwargs)
[2026-09-19T17:11:55.605+0000] {subprocess.py:93} INFO -            ^^^^^^^^^^^^^^^^^^^^^^^^^^^^^^^^^^^^^^
[2026-09-19T17:11:55.606+0000] {subprocess.py:93} INFO -   File "/home/***/.local/lib/python3.12/site-packages/jinja2/runtime.py", line 303, in call
[2026-09-19T17:11:55.606+0000] {subprocess.py:93} INFO -     return __obj(*args, **kwargs)
[2026-09-19T17:11:55.606+0000] {subprocess.py:93} INFO -            ^^^^^^^^^^^^^^^^^^^^^^
[2026-09-19T17:11:55.606+0000] {subprocess.py:93} INFO -   File "/home/***/.local/lib/python3.12/site-packages/dbt/clients/jinja.py", line 151, in __call__
[2026-09-19T17:11:55.606+0000] {subprocess.py:93} INFO -     return self.call_macro(*args, **kwargs)
[2026-09-19T17:11:55.607+0000] {subprocess.py:93} INFO -            ^^^^^^^^^^^^^^^^^^^^^^^^^^^^^^^^
[2026-09-19T17:11:55.607+0000] {subprocess.py:93} INFO -   File "/home/***/.local/lib/python3.12/site-packages/dbt_common/clients/jinja.py", line 395, in call_macro
[2026-09-19T17:11:55.607+0000] {subprocess.py:93} INFO -     return macro(*args, **kwargs)
[2026-09-19T17:11:55.607+0000] {subprocess.py:93} INFO -            ^^^^^^^^^^^^^^^^^^^^^^
[2026-09-19T17:11:55.607+0000] {subprocess.py:93} INFO -   File "/home/***/.local/lib/python3.12/site-packages/jinja2/runtime.py", line 770, in __call__
[2026-09-19T17:11:55.608+0000] {subprocess.py:93} INFO -     return self._invoke(arguments, autoescape)
[2026-09-19T17:11:55.608+0000] {subprocess.py:93} INFO -            ^^^^^^^^^^^^^^^^^^^^^^^^^^^^^^^^^^^
[2026-09-19T17:11:55.608+0000] {subprocess.py:93} INFO -   File "/home/***/.local/lib/python3.12/site-packages/jinja2/runtime.py", line 784, in _invoke
[2026-09-19T17:11:55.609+0000] {subprocess.py:93} INFO -     rv = self._func(*arguments)
[2026-09-19T17:11:55.609+0000] {subprocess.py:93} INFO -          ^^^^^^^^^^^^^^^^^^^^^^
[2026-09-19T17:11:55.610+0000] {subprocess.py:93} INFO -   File "<template>", line 52, in macro
[2026-09-19T17:11:55.610+0000] {subprocess.py:93} INFO -   File "/home/***/.local/lib/python3.12/site-packages/jinja2/sandbox.py", line 401, in call
[2026-09-19T17:11:55.610+0000] {subprocess.py:93} INFO -     return __context.call(__obj, *args, **kwargs)
[2026-09-19T17:11:55.610+0000] {subprocess.py:93} INFO -            ^^^^^^^^^^^^^^^^^^^^^^^^^^^^^^^^^^^^^^
[2026-09-19T17:11:55.611+0000] {subprocess.py:93} INFO -   File "/home/***/.local/lib/python3.12/site-packages/jinja2/runtime.py", line 303, in call
[2026-09-19T17:11:55.611+0000] {subprocess.py:93} INFO -     return __obj(*args, **kwargs)
[2026-09-19T17:11:55.611+0000] {subprocess.py:93} INFO -            ^^^^^^^^^^^^^^^^^^^^^^
[2026-09-19T17:11:55.611+0000] {subprocess.py:93} INFO -   File "/home/***/.local/lib/python3.12/site-packages/dbt_common/record.py", line 538, in record_replay_wrapper
[2026-09-19T17:11:55.611+0000] {subprocess.py:93} INFO -     return func_to_record(*call_args, **kwargs)
[2026-09-19T17:11:55.612+0000] {subprocess.py:93} INFO -            ^^^^^^^^^^^^^^^^^^^^^^^^^^^^^^^^^^^^
[2026-09-19T17:11:55.612+0000] {subprocess.py:93} INFO -   File "/home/***/.local/lib/python3.12/site-packages/dbt/adapters/base/impl.py", line 523, in execute
[2026-09-19T17:11:55.612+0000] {subprocess.py:93} INFO -     return self.connections.execute(sql=sql, auto_begin=auto_begin, fetch=fetch, limit=limit)
[2026-09-19T17:11:55.612+0000] {subprocess.py:93} INFO -            ^^^^^^^^^^^^^^^^^^^^^^^^^^^^^^^^^^^^^^^^^^^^^^^^^^^^^^^^^^^^^^^^^^^^^^^^^^^^^^^^^^
[2026-09-19T17:11:55.613+0000] {subprocess.py:93} INFO -   File "/home/***/.local/lib/python3.12/site-packages/dbt/adapters/duckdb/connections.py", line 145, in execute
[2026-09-19T17:11:55.613+0000] {subprocess.py:93} INFO -     return super().execute(sql, auto_begin, fetch, limit)
[2026-09-19T17:11:55.613+0000] {subprocess.py:93} INFO -            ^^^^^^^^^^^^^^^^^^^^^^^^^^^^^^^^^^^^^^^^^^^^^^
[2026-09-19T17:11:55.613+0000] {subprocess.py:93} INFO -   File "/home/***/.local/lib/python3.12/site-packages/dbt/adapters/sql/connections.py", line 219, in execute
[2026-09-19T17:11:55.614+0000] {subprocess.py:93} INFO -     _, cursor = self.add_query(sql, auto_begin)
[2026-09-19T17:11:55.614+0000] {subprocess.py:93} INFO -                 ^^^^^^^^^^^^^^^^^^^^^^^^^^^^^^^
[2026-09-19T17:11:55.614+0000] {subprocess.py:93} INFO -   File "/home/***/.local/lib/python3.12/site-packages/dbt/adapters/sql/connections.py", line 131, in add_query
[2026-09-19T17:11:55.614+0000] {subprocess.py:93} INFO -     with self.exception_handler(sql):
[2026-09-19T17:11:55.614+0000] {subprocess.py:93} INFO -   File "/usr/local/lib/python3.12/contextlib.py", line 158, in __exit__
[2026-09-19T17:11:55.615+0000] {subprocess.py:93} INFO -     self.gen.throw(value)
[2026-09-19T17:11:55.615+0000] {subprocess.py:93} INFO -   File "/home/***/.local/lib/python3.12/site-packages/dbt/adapters/duckdb/connections.py", line 117, in exception_handler
[2026-09-19T17:11:55.615+0000] {subprocess.py:93} INFO -     self.rollback_if_open()
[2026-09-19T17:11:55.615+0000] {subprocess.py:93} INFO -   File "/home/***/.local/lib/python3.12/site-packages/dbt/adapters/base/connections.py", line 125, in rollback_if_open
[2026-09-19T17:11:55.615+0000] {subprocess.py:93} INFO -     if conn is not None and conn.handle and conn.transaction_open:
[2026-09-19T17:11:55.616+0000] {subprocess.py:93} INFO -                             ^^^^^^^^^^^
[2026-09-19T17:11:55.616+0000] {subprocess.py:93} INFO -   File "/home/***/.local/lib/python3.12/site-packages/dbt/adapters/contracts/connection.py", line 96, in handle
[2026-09-19T17:11:55.616+0000] {subprocess.py:93} INFO -     self._handle.resolve(self)
[2026-09-19T17:11:55.616+0000] {subprocess.py:93} INFO -   File "/home/***/.local/lib/python3.12/site-packages/dbt/adapters/contracts/connection.py", line 120, in resolve
[2026-09-19T17:11:55.617+0000] {subprocess.py:93} INFO -     return self.opener(connection)
[2026-09-19T17:11:55.617+0000] {subprocess.py:93} INFO -            ^^^^^^^^^^^^^^^^^^^^^^^
[2026-09-19T17:11:55.617+0000] {subprocess.py:93} INFO -   File "/home/***/.local/lib/python3.12/site-packages/dbt/adapters/duckdb/connections.py", line 68, in open
[2026-09-19T17:11:55.617+0000] {subprocess.py:93} INFO -     connection.handle = cls._ENV.handle()
[2026-09-19T17:11:55.617+0000] {subprocess.py:93} INFO -                         ^^^^^^^^^^^^^^^^^
[2026-09-19T17:11:55.618+0000] {subprocess.py:93} INFO -   File "/home/***/.local/lib/python3.12/site-packages/dbt/adapters/duckdb/environments/local.py", line 79, in handle
[2026-09-19T17:11:55.618+0000] {subprocess.py:93} INFO -     self.conn = self.initialize_db(self.creds, self._plugins)
[2026-09-19T17:11:55.618+0000] {subprocess.py:93} INFO -                 ^^^^^^^^^^^^^^^^^^^^^^^^^^^^^^^^^^^^^^^^^^^^^
[2026-09-19T17:11:55.618+0000] {subprocess.py:93} INFO -   File "/home/***/.local/lib/python3.12/site-packages/dbt/adapters/duckdb/environments/__init__.py", line 164, in initialize_db
[2026-09-19T17:11:55.618+0000] {subprocess.py:93} INFO -     conn = duckdb.connect(creds.path, read_only=False, config=config)
[2026-09-19T17:11:55.619+0000] {subprocess.py:93} INFO -            ^^^^^^^^^^^^^^^^^^^^^^^^^^^^^^^^^^^^^^^^^^^^^^^^^^^^^^^^^^
[2026-09-19T17:11:55.619+0000] {subprocess.py:93} INFO - _duckdb.IOException: IO Error: Cannot open file "/app/data/warehouse.db": No such file or directory
[2026-09-19T17:11:55.619+0000] {subprocess.py:93} INFO - 
[2026-09-19T17:11:55.619+0000] {subprocess.py:93} INFO - During handling of the above exception, another exception occurred:
[2026-09-19T17:11:55.619+0000] {subprocess.py:93} INFO - 
[2026-09-19T17:11:55.620+0000] {subprocess.py:93} INFO - Traceback (most recent call last):
[2026-09-19T17:11:55.620+0000] {subprocess.py:93} INFO -   File "/home/***/.local/lib/python3.12/site-packages/dbt/cli/requires.py", line 198, in wrapper
[2026-09-19T17:11:55.620+0000] {subprocess.py:93} INFO -     result, success = func(*args, **kwargs)
[2026-09-19T17:11:55.620+0000] {subprocess.py:93} INFO -                       ^^^^^^^^^^^^^^^^^^^^^
[2026-09-19T17:11:55.620+0000] {subprocess.py:93} INFO -   File "/home/***/.local/lib/python3.12/site-packages/dbt/cli/requires.py", line 144, in wrapper
[2026-09-19T17:11:55.621+0000] {subprocess.py:93} INFO -     return func(*args, **kwargs)
[2026-09-19T17:11:55.621+0000] {subprocess.py:93} INFO -            ^^^^^^^^^^^^^^^^^^^^^
[2026-09-19T17:11:55.621+0000] {subprocess.py:93} INFO -   File "/home/***/.local/lib/python3.12/site-packages/dbt/cli/requires.py", line 295, in wrapper
[2026-09-19T17:11:55.621+0000] {subprocess.py:93} INFO -     return func(*args, **kwargs)
[2026-09-19T17:11:55.622+0000] {subprocess.py:93} INFO -            ^^^^^^^^^^^^^^^^^^^^^
[2026-09-19T17:11:55.622+0000] {subprocess.py:93} INFO -   File "/home/***/.local/lib/python3.12/site-packages/dbt/cli/requires.py", line 340, in wrapper
[2026-09-19T17:11:55.622+0000] {subprocess.py:93} INFO -     return func(*args, **kwargs)
[2026-09-19T17:11:55.622+0000] {subprocess.py:93} INFO -            ^^^^^^^^^^^^^^^^^^^^^
[2026-09-19T17:11:55.622+0000] {subprocess.py:93} INFO -   File "/home/***/.local/lib/python3.12/site-packages/dbt/cli/requires.py", line 387, in wrapper
[2026-09-19T17:11:55.623+0000] {subprocess.py:93} INFO -     return func(*args, **kwargs)
[2026-09-19T17:11:55.623+0000] {subprocess.py:93} INFO -            ^^^^^^^^^^^^^^^^^^^^^
[2026-09-19T17:11:55.623+0000] {subprocess.py:93} INFO -   File "/home/***/.local/lib/python3.12/site-packages/dbt/cli/requires.py", line 404, in wrapper
[2026-09-19T17:11:55.623+0000] {subprocess.py:93} INFO -     return func(*args, **kwargs)
[2026-09-19T17:11:55.623+0000] {subprocess.py:93} INFO -            ^^^^^^^^^^^^^^^^^^^^^
[2026-09-19T17:11:55.624+0000] {subprocess.py:93} INFO -   File "/home/***/.local/lib/python3.12/site-packages/dbt/cli/main.py", line 609, in run
[2026-09-19T17:11:55.624+0000] {subprocess.py:93} INFO -     results = task.run()
[2026-09-19T17:11:55.624+0000] {subprocess.py:93} INFO -               ^^^^^^^^^^
[2026-09-19T17:11:55.624+0000] {subprocess.py:93} INFO -   File "/home/***/.local/lib/python3.12/site-packages/dbt/task/runnable.py", line 775, in run
[2026-09-19T17:11:55.625+0000] {subprocess.py:93} INFO -     result = self.execute_with_hooks(selected_uids)
[2026-09-19T17:11:55.625+0000] {subprocess.py:93} INFO -              ^^^^^^^^^^^^^^^^^^^^^^^^^^^^^^^^^^^^^^
[2026-09-19T17:11:55.625+0000] {subprocess.py:93} INFO -   File "/home/***/.local/lib/python3.12/site-packages/dbt/task/runnable.py", line 701, in execute_with_hooks
[2026-09-19T17:11:55.626+0000] {subprocess.py:93} INFO -     before_run_status = self.before_run(adapter, selected_uids)
[2026-09-19T17:11:55.626+0000] {subprocess.py:93} INFO -                         ^^^^^^^^^^^^^^^^^^^^^^^^^^^^^^^^^^^^^^^
[2026-09-19T17:11:55.626+0000] {subprocess.py:93} INFO -   File "/home/***/.local/lib/python3.12/site-packages/dbt/task/run.py", line 1313, in before_run
[2026-09-19T17:11:55.627+0000] {subprocess.py:93} INFO -     self.create_schemas(adapter, required_schemas)
[2026-09-19T17:11:55.627+0000] {subprocess.py:93} INFO -   File "/home/***/.local/lib/python3.12/site-packages/dbt/task/runnable.py", line 883, in create_schemas
[2026-09-19T17:11:55.627+0000] {subprocess.py:93} INFO -     existing_schemas_lowered.update(ls_future.result())
[2026-09-19T17:11:55.627+0000] {subprocess.py:93} INFO -                                     ^^^^^^^^^^^^^^^^^^
[2026-09-19T17:11:55.628+0000] {subprocess.py:93} INFO -   File "/usr/local/lib/python3.12/concurrent/futures/_base.py", line 449, in result
[2026-09-19T17:11:55.628+0000] {subprocess.py:93} INFO -     return self.__get_result()
[2026-09-19T17:11:55.628+0000] {subprocess.py:93} INFO -            ^^^^^^^^^^^^^^^^^^^
[2026-09-19T17:11:55.628+0000] {subprocess.py:93} INFO -   File "/usr/local/lib/python3.12/concurrent/futures/_base.py", line 401, in __get_result
[2026-09-19T17:11:55.628+0000] {subprocess.py:93} INFO -     raise self._exception
[2026-09-19T17:11:55.629+0000] {subprocess.py:93} INFO -   File "/usr/local/lib/python3.12/concurrent/futures/thread.py", line 58, in run
[2026-09-19T17:11:55.629+0000] {subprocess.py:93} INFO -     result = self.fn(*self.args, **self.kwargs)
[2026-09-19T17:11:55.629+0000] {subprocess.py:93} INFO -              ^^^^^^^^^^^^^^^^^^^^^^^^^^^^^^^^^^
[2026-09-19T17:11:55.629+0000] {subprocess.py:93} INFO -   File "/home/***/.local/lib/python3.12/site-packages/dbt_common/utils/executor.py", line 20, in connected
[2026-09-19T17:11:55.629+0000] {subprocess.py:93} INFO -     return func(*args, **kwargs)
[2026-09-19T17:11:55.630+0000] {subprocess.py:93} INFO -            ^^^^^^^^^^^^^^^^^^^^^
[2026-09-19T17:11:55.630+0000] {subprocess.py:93} INFO -   File "/home/***/.local/lib/python3.12/site-packages/dbt/task/runnable.py", line 858, in list_schemas
[2026-09-19T17:11:55.630+0000] {subprocess.py:93} INFO -     for s in adapter.list_schemas(database_quoted)
[2026-09-19T17:11:55.630+0000] {subprocess.py:93} INFO -              ^^^^^^^^^^^^^^^^^^^^^^^^^^^^^^^^^^^^^
[2026-09-19T17:11:55.630+0000] {subprocess.py:93} INFO -   File "/home/***/.local/lib/python3.12/site-packages/dbt/adapters/sql/impl.py", line 219, in list_schemas
[2026-09-19T17:11:55.631+0000] {subprocess.py:93} INFO -     results = self.execute_macro(LIST_SCHEMAS_MACRO_NAME, kwargs={"database": database})
[2026-09-19T17:11:55.631+0000] {subprocess.py:93} INFO -               ^^^^^^^^^^^^^^^^^^^^^^^^^^^^^^^^^^^^^^^^^^^^^^^^^^^^^^^^^^^^^^^^^^^^^^^^^^
[2026-09-19T17:11:55.631+0000] {subprocess.py:93} INFO -   File "/home/***/.local/lib/python3.12/site-packages/dbt/adapters/base/impl.py", line 1371, in execute_macro
[2026-09-19T17:11:55.631+0000] {subprocess.py:93} INFO -     with self.connections.exception_handler(f"macro {macro_name}"):
[2026-09-19T17:11:55.631+0000] {subprocess.py:93} INFO -   File "/usr/local/lib/python3.12/contextlib.py", line 158, in __exit__
[2026-09-19T17:11:55.632+0000] {subprocess.py:93} INFO -     self.gen.throw(value)
[2026-09-19T17:11:55.632+0000] {subprocess.py:93} INFO -   File "/home/***/.local/lib/python3.12/site-packages/dbt/adapters/duckdb/connections.py", line 117, in exception_handler
[2026-09-19T17:11:55.632+0000] {subprocess.py:93} INFO -     self.rollback_if_open()
[2026-09-19T17:11:55.632+0000] {subprocess.py:93} INFO -   File "/home/***/.local/lib/python3.12/site-packages/dbt/adapters/base/connections.py", line 125, in rollback_if_open
[2026-09-19T17:11:55.633+0000] {subprocess.py:93} INFO -     if conn is not None and conn.handle and conn.transaction_open:
[2026-09-19T17:11:55.633+0000] {subprocess.py:93} INFO -                             ^^^^^^^^^^^
[2026-09-19T17:11:55.633+0000] {subprocess.py:93} INFO -   File "/home/***/.local/lib/python3.12/site-packages/dbt/adapters/contracts/connection.py", line 96, in handle
[2026-09-19T17:11:55.633+0000] {subprocess.py:93} INFO -     self._handle.resolve(self)
[2026-09-19T17:11:55.633+0000] {subprocess.py:93} INFO -   File "/home/***/.local/lib/python3.12/site-packages/dbt/adapters/contracts/connection.py", line 120, in resolve
[2026-09-19T17:11:55.634+0000] {subprocess.py:93} INFO -     return self.opener(connection)
[2026-09-19T17:11:55.634+0000] {subprocess.py:93} INFO -            ^^^^^^^^^^^^^^^^^^^^^^^
[2026-09-19T17:11:55.634+0000] {subprocess.py:93} INFO -   File "/home/***/.local/lib/python3.12/site-packages/dbt/adapters/duckdb/connections.py", line 68, in open
[2026-09-19T17:11:55.634+0000] {subprocess.py:93} INFO -     connection.handle = cls._ENV.handle()
[2026-09-19T17:11:55.634+0000] {subprocess.py:93} INFO -                         ^^^^^^^^^^^^^^^^^
[2026-09-19T17:11:55.635+0000] {subprocess.py:93} INFO -   File "/home/***/.local/lib/python3.12/site-packages/dbt/adapters/duckdb/environments/local.py", line 79, in handle
[2026-09-19T17:11:55.635+0000] {subprocess.py:93} INFO -     self.conn = self.initialize_db(self.creds, self._plugins)
[2026-09-19T17:11:55.635+0000] {subprocess.py:93} INFO -                 ^^^^^^^^^^^^^^^^^^^^^^^^^^^^^^^^^^^^^^^^^^^^^
[2026-09-19T17:11:55.635+0000] {subprocess.py:93} INFO -   File "/home/***/.local/lib/python3.12/site-packages/dbt/adapters/duckdb/environments/__init__.py", line 164, in initialize_db
[2026-09-19T17:11:55.635+0000] {subprocess.py:93} INFO -     conn = duckdb.connect(creds.path, read_only=False, config=config)
[2026-09-19T17:11:55.636+0000] {subprocess.py:93} INFO -            ^^^^^^^^^^^^^^^^^^^^^^^^^^^^^^^^^^^^^^^^^^^^^^^^^^^^^^^^^^
[2026-09-19T17:11:55.636+0000] {subprocess.py:93} INFO - _duckdb.IOException: IO Error: Cannot open file "/app/data/warehouse.db": No such file or directory
[2026-09-19T17:11:55.636+0000] {subprocess.py:93} INFO - 
[2026-09-19T17:11:56.774+0000] {subprocess.py:97} INFO - Command exited with return code 2
[2026-09-19T17:11:56.775+0000] {taskinstance.py:441} INFO - ::group::Post task execution logs
[2026-09-19T17:11:56.796+0000] {taskinstance.py:2905} ERROR - Task failed with exception
Traceback (most recent call last):
  File "/home/airflow/.local/lib/python3.12/site-packages/airflow/models/taskinstance.py", line 465, in _execute_task
    result = _execute_callable(context=context, **execute_callable_kwargs)
             ^^^^^^^^^^^^^^^^^^^^^^^^^^^^^^^^^^^^^^^^^^^^^^^^^^^^^^^^^^^^^
  File "/home/airflow/.local/lib/python3.12/site-packages/airflow/models/taskinstance.py", line 432, in _execute_callable
    return execute_callable(context=context, **execute_callable_kwargs)
           ^^^^^^^^^^^^^^^^^^^^^^^^^^^^^^^^^^^^^^^^^^^^^^^^^^^^^^^^^^^^
  File "/home/airflow/.local/lib/python3.12/site-packages/airflow/models/baseoperator.py", line 401, in wrapper
    return func(self, *args, **kwargs)
           ^^^^^^^^^^^^^^^^^^^^^^^^^^^
  File "/home/airflow/.local/lib/python3.12/site-packages/airflow/operators/bash.py", line 243, in execute
    raise AirflowException(
airflow.exceptions.AirflowException: Bash command failed. The command returned a non-zero exit code 2.
[2026-09-19T17:11:56.802+0000] {taskinstance.py:1206} INFO - Marking task as UP_FOR_RETRY. dag_id=weather_pipeline, task_id=run_dbt, run_id=scheduled__2026-09-18T00:00:00+00:00, execution_date=20260918T000000, start_date=20260919T171149, end_date=20260919T171156
[2026-09-19T17:11:56.821+0000] {standard_task_runner.py:110} ERROR - Failed to execute job 12 for task run_dbt (Bash command failed. The command returned a non-zero exit code 2.; 376)
[2026-09-19T17:11:56.850+0000] {local_task_job_runner.py:243} INFO - Task exited with return code 1
[2026-09-19T17:11:56.876+0000] {taskinstance.py:3503} INFO - 0 downstream tasks scheduled from follow-on schedule check
[2026-09-19T17:11:56.879+0000] {local_task_job_runner.py:222} INFO - ::endgroup::
