[2026-09-19T18:42:08.481+0000] {local_task_job_runner.py:120} INFO - ::group::Pre task execution logs
[2026-09-19T18:42:08.534+0000] {taskinstance.py:2076} INFO - Dependencies all met for dep_context=non-requeueable deps ti=<TaskInstance: weather_pipeline.run_dbt manual__2026-09-19T18:38:30.794474+00:00 [queued]>
[2026-09-19T18:42:08.546+0000] {taskinstance.py:2076} INFO - Dependencies all met for dep_context=requeueable deps ti=<TaskInstance: weather_pipeline.run_dbt manual__2026-09-19T18:38:30.794474+00:00 [queued]>
[2026-09-19T18:42:08.546+0000] {taskinstance.py:2306} INFO - Starting attempt 3 of 4
[2026-09-19T18:42:08.564+0000] {taskinstance.py:2330} INFO - Executing <Task(BashOperator): run_dbt> on 2026-09-19 18:38:30.794474+00:00
[2026-09-19T18:42:08.573+0000] {logging_mixin.py:188} WARNING - /home/***/.local/lib/python3.12/site-packages/***/task/task_runner/standard_task_runner.py:62 DeprecationWarning: This process (pid=1502) is multi-threaded, use of fork() may lead to deadlocks in the child.
[2026-09-19T18:42:08.575+0000] {standard_task_runner.py:64} INFO - Started process 1503 to run task
[2026-09-19T18:42:08.573+0000] {standard_task_runner.py:90} INFO - Running: ['***', 'tasks', 'run', 'weather_pipeline', 'run_dbt', 'manual__2026-09-19T18:38:30.794474+00:00', '--job-id', '41', '--raw', '--subdir', 'DAGS_FOLDER/weather_pipeline_dag.py', '--cfg-path', '/tmp/tmp4k78ef7i']
[2026-09-19T18:42:08.576+0000] {standard_task_runner.py:91} INFO - Job 41: Subtask run_dbt
[2026-09-19T18:42:08.651+0000] {task_command.py:426} INFO - Running <TaskInstance: weather_pipeline.run_dbt manual__2026-09-19T18:38:30.794474+00:00 [running]> on host db333aec3d12
[2026-09-19T18:42:08.823+0000] {taskinstance.py:2648} INFO - Exporting env vars: AIRFLOW_CTX_DAG_OWNER='***' AIRFLOW_CTX_DAG_ID='weather_pipeline' AIRFLOW_CTX_TASK_ID='run_dbt' AIRFLOW_CTX_EXECUTION_DATE='2026-09-19T18:38:30.794474+00:00' AIRFLOW_CTX_TRY_NUMBER='3' AIRFLOW_CTX_DAG_RUN_ID='manual__2026-09-19T18:38:30.794474+00:00'
[2026-09-19T18:42:08.825+0000] {taskinstance.py:430} INFO - ::endgroup::
[2026-09-19T18:42:08.842+0000] {subprocess.py:63} INFO - Tmp dir root location: /tmp
[2026-09-19T18:42:08.843+0000] {subprocess.py:75} INFO - Running command: ['/usr/bin/bash', '-c', 'cd /opt/***/project/weather_dbt && dbt run --profiles-dir /opt/***/project/***/']
[2026-09-19T18:42:08.855+0000] {subprocess.py:86} INFO - Output:
[2026-09-19T18:42:12.827+0000] {subprocess.py:93} INFO - [0m18:42:12  Running with dbt=1.12.5
[2026-09-19T18:42:13.356+0000] {subprocess.py:93} INFO - [0m18:42:13  Registered adapter: duckdb=1.11.0
[2026-09-19T18:42:14.395+0000] {subprocess.py:93} INFO - [0m18:42:14  Found 9 models, 1 snapshot, 22 data tests, 1 seed, 4 sources, 503 macros
[2026-09-19T18:42:14.399+0000] {subprocess.py:93} INFO - [0m18:42:14
[2026-09-19T18:42:14.400+0000] {subprocess.py:93} INFO - [0m18:42:14  Concurrency: 1 threads (target='dev')
[2026-09-19T18:42:14.401+0000] {subprocess.py:93} INFO - [0m18:42:14
[2026-09-19T18:42:14.575+0000] {subprocess.py:93} INFO - [0m18:42:14  1 of 9 START sql view model main.stg_deliveries ................................ [RUN]
[2026-09-19T18:42:14.802+0000] {subprocess.py:93} INFO - [0m18:42:14  1 of 9 OK created sql view model main.stg_deliveries ........................... [[32mOK[0m in 0.22s]
[2026-09-19T18:42:14.806+0000] {subprocess.py:93} INFO - [0m18:42:14  2 of 9 START sql view model main.stg_orders .................................... [RUN]
[2026-09-19T18:42:14.857+0000] {subprocess.py:93} INFO - [0m18:42:14  2 of 9 OK created sql view model main.stg_orders ............................... [[32mOK[0m in 0.05s]
[2026-09-19T18:42:14.860+0000] {subprocess.py:93} INFO - [0m18:42:14  3 of 9 START sql view model main.stg_weather ................................... [RUN]
[2026-09-19T18:42:14.908+0000] {subprocess.py:93} INFO - [0m18:42:14  3 of 9 OK created sql view model main.stg_weather .............................. [[32mOK[0m in 0.05s]
[2026-09-19T18:42:14.910+0000] {subprocess.py:93} INFO - [0m18:42:14  4 of 9 START sql view model main.stg_weather_raw ............................... [RUN]
[2026-09-19T18:42:14.957+0000] {subprocess.py:93} INFO - [0m18:42:14  4 of 9 OK created sql view model main.stg_weather_raw .......................... [[32mOK[0m in 0.05s]
[2026-09-19T18:42:14.960+0000] {subprocess.py:93} INFO - [0m18:42:14  5 of 9 START sql view model main.int_orders_by_restaurant ...................... [RUN]
[2026-09-19T18:42:15.008+0000] {subprocess.py:93} INFO - [0m18:42:15  5 of 9 OK created sql view model main.int_orders_by_restaurant ................. [[32mOK[0m in 0.05s]
[2026-09-19T18:42:15.012+0000] {subprocess.py:93} INFO - [0m18:42:15  6 of 9 START sql table model main.mart_city_orders ............................. [RUN]
[2026-09-19T18:42:15.149+0000] {subprocess.py:93} INFO - [0m18:42:15  6 of 9 OK created sql table model main.mart_city_orders ........................ [[32mOK[0m in 0.14s]
[2026-09-19T18:42:15.151+0000] {subprocess.py:93} INFO - [0m18:42:15  7 of 9 START sql view model main.int_orders_enriched ........................... [RUN]
[2026-09-19T18:42:15.199+0000] {subprocess.py:93} INFO - [0m18:42:15  7 of 9 OK created sql view model main.int_orders_enriched ...................... [[32mOK[0m in 0.05s]
[2026-09-19T18:42:15.202+0000] {subprocess.py:93} INFO - [0m18:42:15  8 of 9 START sql table model main.mart_restaurant_summary ...................... [RUN]
[2026-09-19T18:42:15.261+0000] {subprocess.py:93} INFO - [0m18:42:15  8 of 9 OK created sql table model main.mart_restaurant_summary ................. [[32mOK[0m in 0.06s]
[2026-09-19T18:42:15.264+0000] {subprocess.py:93} INFO - [0m18:42:15  9 of 9 START sql table model main.mart_city_summary ............................ [RUN]
[2026-09-19T18:42:15.321+0000] {subprocess.py:93} INFO - [0m18:42:15  9 of 9 OK created sql table model main.mart_city_summary ....................... [[32mOK[0m in 0.06s]
[2026-09-19T18:42:15.332+0000] {subprocess.py:93} INFO - [0m18:42:15
[2026-09-19T18:42:15.333+0000] {subprocess.py:93} INFO - [0m18:42:15  Finished running 3 table models, 6 view models in 0 hours 0 minutes and 0.93 seconds (0.93s).
[2026-09-19T18:42:15.424+0000] {subprocess.py:93} INFO - [0m18:42:15
[2026-09-19T18:42:15.425+0000] {subprocess.py:93} INFO - [0m18:42:15  [32mCompleted successfully[0m
[2026-09-19T18:42:15.425+0000] {subprocess.py:93} INFO - [0m18:42:15
[2026-09-19T18:42:15.426+0000] {subprocess.py:93} INFO - [0m18:42:15  Done. PASS=9 WARN=0 ERROR=0 SKIP=0 NO-OP=0 REUSED=0 TOTAL=9
[2026-09-19T18:42:15.892+0000] {subprocess.py:97} INFO - Command exited with return code 0
[2026-09-19T18:42:15.893+0000] {taskinstance.py:441} INFO - ::group::Post task execution logs
[2026-09-19T18:42:15.936+0000] {taskinstance.py:1206} INFO - Marking task as SUCCESS. dag_id=weather_pipeline, task_id=run_dbt, run_id=manual__2026-09-19T18:38:30.794474+00:00, execution_date=20260919T183830, start_date=20260919T184208, end_date=20260919T184215
[2026-09-19T18:42:15.964+0000] {local_task_job_runner.py:243} INFO - Task exited with return code 0
[2026-09-19T18:42:15.988+0000] {taskinstance.py:3503} INFO - 0 downstream tasks scheduled from follow-on schedule check
[2026-09-19T18:42:15.991+0000] {local_task_job_runner.py:222} INFO - ::endgroup::
