[2026-09-19T18:38:40.467+0000] {local_task_job_runner.py:120} INFO - ::group::Pre task execution logs
[2026-09-19T18:38:40.518+0000] {taskinstance.py:2076} INFO - Dependencies all met for dep_context=non-requeueable deps ti=<TaskInstance: weather_pipeline.run_dbt manual__2026-09-19T18:38:30.794474+00:00 [queued]>
[2026-09-19T18:38:40.530+0000] {taskinstance.py:2076} INFO - Dependencies all met for dep_context=requeueable deps ti=<TaskInstance: weather_pipeline.run_dbt manual__2026-09-19T18:38:30.794474+00:00 [queued]>
[2026-09-19T18:38:40.531+0000] {taskinstance.py:2306} INFO - Starting attempt 1 of 2
[2026-09-19T18:38:40.549+0000] {taskinstance.py:2330} INFO - Executing <Task(BashOperator): run_dbt> on 2026-09-19 18:38:30.794474+00:00
[2026-09-19T18:38:40.557+0000] {logging_mixin.py:188} WARNING - /home/***/.local/lib/python3.12/site-packages/***/task/task_runner/standard_task_runner.py:62 DeprecationWarning: This process (pid=1429) is multi-threaded, use of fork() may lead to deadlocks in the child.
[2026-09-19T18:38:40.558+0000] {standard_task_runner.py:64} INFO - Started process 1430 to run task
[2026-09-19T18:38:40.557+0000] {standard_task_runner.py:90} INFO - Running: ['***', 'tasks', 'run', 'weather_pipeline', 'run_dbt', 'manual__2026-09-19T18:38:30.794474+00:00', '--job-id', '39', '--raw', '--subdir', 'DAGS_FOLDER/weather_pipeline_dag.py', '--cfg-path', '/tmp/tmpvbh2etcl']
[2026-09-19T18:38:40.559+0000] {standard_task_runner.py:91} INFO - Job 39: Subtask run_dbt
[2026-09-19T18:38:40.629+0000] {task_command.py:426} INFO - Running <TaskInstance: weather_pipeline.run_dbt manual__2026-09-19T18:38:30.794474+00:00 [running]> on host db333aec3d12
[2026-09-19T18:38:40.774+0000] {taskinstance.py:2648} INFO - Exporting env vars: AIRFLOW_CTX_DAG_OWNER='***' AIRFLOW_CTX_DAG_ID='weather_pipeline' AIRFLOW_CTX_TASK_ID='run_dbt' AIRFLOW_CTX_EXECUTION_DATE='2026-09-19T18:38:30.794474+00:00' AIRFLOW_CTX_TRY_NUMBER='1' AIRFLOW_CTX_DAG_RUN_ID='manual__2026-09-19T18:38:30.794474+00:00'
[2026-09-19T18:38:40.775+0000] {taskinstance.py:430} INFO - ::endgroup::
[2026-09-19T18:38:40.791+0000] {subprocess.py:63} INFO - Tmp dir root location: /tmp
[2026-09-19T18:38:40.792+0000] {subprocess.py:75} INFO - Running command: ['/usr/bin/bash', '-c', 'cd /opt/***/project/weather_dbt && dbt run --profiles-dir /opt/***/project/***/']
[2026-09-19T18:38:40.804+0000] {subprocess.py:86} INFO - Output:
[2026-09-19T18:38:44.692+0000] {subprocess.py:93} INFO - [0m18:38:44  Running with dbt=1.12.5
[2026-09-19T18:38:45.259+0000] {subprocess.py:93} INFO - [0m18:38:45  Registered adapter: duckdb=1.11.0
[2026-09-19T18:38:45.770+0000] {subprocess.py:93} INFO - [0m18:38:45  Unable to do partial parsing because profile has changed
[2026-09-19T18:38:49.161+0000] {subprocess.py:93} INFO - [0m18:38:49  [[33mWARNING[0m][MissingArgumentsPropertyInGenericTestDeprecation]: Deprecated
[2026-09-19T18:38:49.162+0000] {subprocess.py:93} INFO - functionality
[2026-09-19T18:38:49.162+0000] {subprocess.py:93} INFO - Found top-level arguments to test `accepted_values` defined on 'stg_deliveries'
[2026-09-19T18:38:49.162+0000] {subprocess.py:93} INFO - in package 'weather_dbt' (models/staging/schema.yml). Arguments to generic tests
[2026-09-19T18:38:49.163+0000] {subprocess.py:93} INFO - should be nested under the `arguments` property.
[2026-09-19T18:38:49.949+0000] {subprocess.py:93} INFO - [0m18:38:49  Found 9 models, 1 snapshot, 22 data tests, 1 seed, 4 sources, 503 macros
[2026-09-19T18:38:49.954+0000] {subprocess.py:93} INFO - [0m18:38:49
[2026-09-19T18:38:49.955+0000] {subprocess.py:93} INFO - [0m18:38:49  Concurrency: 1 threads (target='dev')
[2026-09-19T18:38:49.956+0000] {subprocess.py:93} INFO - [0m18:38:49
[2026-09-19T18:38:50.142+0000] {subprocess.py:93} INFO - [0m18:38:50  1 of 9 START sql view model main.stg_deliveries ................................ [RUN]
[2026-09-19T18:38:50.278+0000] {subprocess.py:93} INFO - [0m18:38:50  1 of 9 OK created sql view model main.stg_deliveries ........................... [[32mOK[0m in 0.13s]
[2026-09-19T18:38:50.280+0000] {subprocess.py:93} INFO - [0m18:38:50  2 of 9 START sql view model main.stg_orders .................................... [RUN]
[2026-09-19T18:38:50.329+0000] {subprocess.py:93} INFO - [0m18:38:50  2 of 9 OK created sql view model main.stg_orders ............................... [[32mOK[0m in 0.05s]
[2026-09-19T18:38:50.332+0000] {subprocess.py:93} INFO - [0m18:38:50  3 of 9 START sql view model main.stg_weather ................................... [RUN]
[2026-09-19T18:38:50.380+0000] {subprocess.py:93} INFO - [0m18:38:50  3 of 9 OK created sql view model main.stg_weather .............................. [[32mOK[0m in 0.05s]
[2026-09-19T18:38:50.383+0000] {subprocess.py:93} INFO - [0m18:38:50  4 of 9 START sql view model main.stg_weather_raw ............................... [RUN]
[2026-09-19T18:38:50.390+0000] {subprocess.py:93} INFO - [0m18:38:50  [[31mERROR[0m]: Unhandled error while executing
[2026-09-19T18:38:50.390+0000] {subprocess.py:93} INFO - [Errno 13] Permission denied: '/opt/***/project/weather_dbt/target/compiled/weather_dbt/models/staging/stg_weather_raw.sql'
[2026-09-19T18:38:50.394+0000] {subprocess.py:93} INFO - [0m18:38:50  4 of 9 ERROR creating sql view model main.stg_weather_raw ...................... [[31mERROR[0m in 0.01s]
[2026-09-19T18:38:50.398+0000] {subprocess.py:93} INFO - [0m18:38:50  5 of 9 START sql view model main.int_orders_by_restaurant ...................... [RUN]
[2026-09-19T18:38:50.446+0000] {subprocess.py:93} INFO - [0m18:38:50  5 of 9 OK created sql view model main.int_orders_by_restaurant ................. [[32mOK[0m in 0.05s]
[2026-09-19T18:38:50.448+0000] {subprocess.py:93} INFO - [0m18:38:50  6 of 9 START sql table model main.mart_city_orders ............................. [RUN]
[2026-09-19T18:38:50.576+0000] {subprocess.py:93} INFO - [0m18:38:50  6 of 9 OK created sql table model main.mart_city_orders ........................ [[32mOK[0m in 0.13s]
[2026-09-19T18:38:50.579+0000] {subprocess.py:93} INFO - [0m18:38:50  7 of 9 START sql view model main.int_orders_enriched ........................... [RUN]
[2026-09-19T18:38:50.629+0000] {subprocess.py:93} INFO - [0m18:38:50  7 of 9 OK created sql view model main.int_orders_enriched ...................... [[32mOK[0m in 0.05s]
[2026-09-19T18:38:50.631+0000] {subprocess.py:93} INFO - [0m18:38:50  8 of 9 START sql table model main.mart_restaurant_summary ...................... [RUN]
[2026-09-19T18:38:50.690+0000] {subprocess.py:93} INFO - [0m18:38:50  8 of 9 OK created sql table model main.mart_restaurant_summary ................. [[32mOK[0m in 0.06s]
[2026-09-19T18:38:50.692+0000] {subprocess.py:93} INFO - [0m18:38:50  9 of 9 START sql table model main.mart_city_summary ............................ [RUN]
[2026-09-19T18:38:50.761+0000] {subprocess.py:93} INFO - [0m18:38:50  9 of 9 OK created sql table model main.mart_city_summary ....................... [[32mOK[0m in 0.07s]
[2026-09-19T18:38:50.772+0000] {subprocess.py:93} INFO - [0m18:38:50
[2026-09-19T18:38:50.773+0000] {subprocess.py:93} INFO - [0m18:38:50  Finished running 3 table models, 6 view models in 0 hours 0 minutes and 0.82 seconds (0.82s).
[2026-09-19T18:38:50.860+0000] {subprocess.py:93} INFO - [0m18:38:50
[2026-09-19T18:38:50.861+0000] {subprocess.py:93} INFO - [0m18:38:50  [31mCompleted with 1 error, 0 partial successes, and 0 warnings:[0m
[2026-09-19T18:38:50.862+0000] {subprocess.py:93} INFO - [0m18:38:50
[2026-09-19T18:38:50.862+0000] {subprocess.py:93} INFO - [0m18:38:50  [[31mERROR[0m]: in model stg_weather_raw (models/staging/stg_weather_raw.sql)
[2026-09-19T18:38:50.863+0000] {subprocess.py:93} INFO - [0m18:38:50    [Errno 13] Permission denied: '/opt/***/project/weather_dbt/target/compiled/weather_dbt/models/staging/stg_weather_raw.sql'
[2026-09-19T18:38:50.864+0000] {subprocess.py:93} INFO - [0m18:38:50
[2026-09-19T18:38:50.864+0000] {subprocess.py:93} INFO - [0m18:38:50    compiled code at target/compiled/weather_dbt/models/staging/stg_weather_raw.sql
[2026-09-19T18:38:50.865+0000] {subprocess.py:93} INFO - [0m18:38:50
[2026-09-19T18:38:50.865+0000] {subprocess.py:93} INFO - [0m18:38:50  Done. PASS=8 WARN=0 ERROR=1 SKIP=0 NO-OP=0 REUSED=0 TOTAL=9
[2026-09-19T18:38:50.867+0000] {subprocess.py:93} INFO - [0m18:38:50  [[33mWARNING[0m][DeprecationsSummary]: Deprecated functionality
[2026-09-19T18:38:50.868+0000] {subprocess.py:93} INFO - Summary of encountered deprecations:
[2026-09-19T18:38:50.868+0000] {subprocess.py:93} INFO - - MissingArgumentsPropertyInGenericTestDeprecation: 2 occurrences
[2026-09-19T18:38:50.868+0000] {subprocess.py:93} INFO - To see all deprecation instances instead of just the first occurrence of each,
[2026-09-19T18:38:50.869+0000] {subprocess.py:93} INFO - run command again with the `--show-all-deprecations` flag. You may also need to
[2026-09-19T18:38:50.869+0000] {subprocess.py:93} INFO - run with `--no-partial-parse` as some deprecations are only encountered during
[2026-09-19T18:38:50.869+0000] {subprocess.py:93} INFO - parsing.
[2026-09-19T18:38:51.401+0000] {subprocess.py:97} INFO - Command exited with return code 1
[2026-09-19T18:38:51.402+0000] {taskinstance.py:441} INFO - ::group::Post task execution logs
[2026-09-19T18:38:51.421+0000] {taskinstance.py:2905} ERROR - Task failed with exception
Traceback (most recent call last):
  File "/home/airflow/.local/lib/python3.12/site-packages/airflow/models/taskinstance.py", line 465, in _execute_task
    result = _execute_callable(context=context, **execute_callable_kwargs)
             ^^^^^^^^^^^^^^^^^^^^^^^^^^^^^^^^^^^^^^^^^^^^^^^^^^^^^^^^^^^^^
  File "/home/airflow/.local/lib/python3.12/site-packages/airflow/models/taskinstance.py", line 432, in _execute_callable
    return execute_callable(context=context, **execute_callable_kwargs)
           ^^^^^^^^^^^^^^^^^^^^^^^^^^^^^^^^^^^^^^^^^^^^^^^^^^^^^^^^^^^^
  File "/home/airflow/.local/lib/python3.12/site-packages/airflow/models/baseoperator.py", line 401, in wrapper
    return func(self, *args, **kwargs)
           ^^^^^^^^^^^^^^^^^^^^^^^^^^^
  File "/home/airflow/.local/lib/python3.12/site-packages/airflow/operators/bash.py", line 243, in execute
    raise AirflowException(
airflow.exceptions.AirflowException: Bash command failed. The command returned a non-zero exit code 1.
[2026-09-19T18:38:51.426+0000] {taskinstance.py:1206} INFO - Marking task as UP_FOR_RETRY. dag_id=weather_pipeline, task_id=run_dbt, run_id=manual__2026-09-19T18:38:30.794474+00:00, execution_date=20260919T183830, start_date=20260919T183840, end_date=20260919T183851
[2026-09-19T18:38:51.445+0000] {standard_task_runner.py:110} ERROR - Failed to execute job 39 for task run_dbt (Bash command failed. The command returned a non-zero exit code 1.; 1430)
[2026-09-19T18:38:51.467+0000] {local_task_job_runner.py:243} INFO - Task exited with return code 1
[2026-09-19T18:38:51.492+0000] {taskinstance.py:3503} INFO - 0 downstream tasks scheduled from follow-on schedule check
[2026-09-19T18:38:51.495+0000] {local_task_job_runner.py:222} INFO - ::endgroup::
