[2026-09-19T18:39:21.988+0000] {local_task_job_runner.py:120} INFO - ::group::Pre task execution logs
[2026-09-19T18:39:22.051+0000] {taskinstance.py:2076} INFO - Dependencies all met for dep_context=non-requeueable deps ti=<TaskInstance: weather_pipeline.run_dbt manual__2026-09-19T18:38:30.794474+00:00 [queued]>
[2026-09-19T18:39:22.067+0000] {taskinstance.py:2076} INFO - Dependencies all met for dep_context=requeueable deps ti=<TaskInstance: weather_pipeline.run_dbt manual__2026-09-19T18:38:30.794474+00:00 [queued]>
[2026-09-19T18:39:22.067+0000] {taskinstance.py:2306} INFO - Starting attempt 2 of 2
[2026-09-19T18:39:22.122+0000] {taskinstance.py:2330} INFO - Executing <Task(BashOperator): run_dbt> on 2026-09-19 18:38:30.794474+00:00
[2026-09-19T18:39:22.133+0000] {logging_mixin.py:188} WARNING - /home/***/.local/lib/python3.12/site-packages/***/task/task_runner/standard_task_runner.py:62 DeprecationWarning: This process (pid=1455) is multi-threaded, use of fork() may lead to deadlocks in the child.
[2026-09-19T18:39:22.135+0000] {standard_task_runner.py:64} INFO - Started process 1456 to run task
[2026-09-19T18:39:22.133+0000] {standard_task_runner.py:90} INFO - Running: ['***', 'tasks', 'run', 'weather_pipeline', 'run_dbt', 'manual__2026-09-19T18:38:30.794474+00:00', '--job-id', '40', '--raw', '--subdir', 'DAGS_FOLDER/weather_pipeline_dag.py', '--cfg-path', '/tmp/tmpzx_nt1q7']
[2026-09-19T18:39:22.136+0000] {standard_task_runner.py:91} INFO - Job 40: Subtask run_dbt
[2026-09-19T18:39:22.251+0000] {task_command.py:426} INFO - Running <TaskInstance: weather_pipeline.run_dbt manual__2026-09-19T18:38:30.794474+00:00 [running]> on host db333aec3d12
[2026-09-19T18:39:22.451+0000] {taskinstance.py:2648} INFO - Exporting env vars: AIRFLOW_CTX_DAG_OWNER='***' AIRFLOW_CTX_DAG_ID='weather_pipeline' AIRFLOW_CTX_TASK_ID='run_dbt' AIRFLOW_CTX_EXECUTION_DATE='2026-09-19T18:38:30.794474+00:00' AIRFLOW_CTX_TRY_NUMBER='2' AIRFLOW_CTX_DAG_RUN_ID='manual__2026-09-19T18:38:30.794474+00:00'
[2026-09-19T18:39:22.452+0000] {taskinstance.py:430} INFO - ::endgroup::
[2026-09-19T18:39:22.472+0000] {subprocess.py:63} INFO - Tmp dir root location: /tmp
[2026-09-19T18:39:22.473+0000] {subprocess.py:75} INFO - Running command: ['/usr/bin/bash', '-c', 'cd /opt/***/project/weather_dbt && dbt run --profiles-dir /opt/***/project/***/']
[2026-09-19T18:39:22.487+0000] {subprocess.py:86} INFO - Output:
[2026-09-19T18:39:26.752+0000] {subprocess.py:93} INFO - [0m18:39:26  Running with dbt=1.12.5
[2026-09-19T18:39:27.236+0000] {subprocess.py:93} INFO - [0m18:39:27  Registered adapter: duckdb=1.11.0
[2026-09-19T18:39:28.086+0000] {subprocess.py:93} INFO - [0m18:39:28  Found 9 models, 1 snapshot, 22 data tests, 1 seed, 4 sources, 503 macros
[2026-09-19T18:39:28.090+0000] {subprocess.py:93} INFO - [0m18:39:28
[2026-09-19T18:39:28.091+0000] {subprocess.py:93} INFO - [0m18:39:28  Concurrency: 1 threads (target='dev')
[2026-09-19T18:39:28.092+0000] {subprocess.py:93} INFO - [0m18:39:28
[2026-09-19T18:39:28.247+0000] {subprocess.py:93} INFO - [0m18:39:28  1 of 9 START sql view model main.stg_deliveries ................................ [RUN]
[2026-09-19T18:39:28.458+0000] {subprocess.py:93} INFO - [0m18:39:28  1 of 9 OK created sql view model main.stg_deliveries ........................... [[32mOK[0m in 0.21s]
[2026-09-19T18:39:28.462+0000] {subprocess.py:93} INFO - [0m18:39:28  2 of 9 START sql view model main.stg_orders .................................... [RUN]
[2026-09-19T18:39:28.509+0000] {subprocess.py:93} INFO - [0m18:39:28  2 of 9 OK created sql view model main.stg_orders ............................... [[32mOK[0m in 0.05s]
[2026-09-19T18:39:28.512+0000] {subprocess.py:93} INFO - [0m18:39:28  3 of 9 START sql view model main.stg_weather ................................... [RUN]
[2026-09-19T18:39:28.555+0000] {subprocess.py:93} INFO - [0m18:39:28  3 of 9 OK created sql view model main.stg_weather .............................. [[32mOK[0m in 0.04s]
[2026-09-19T18:39:28.558+0000] {subprocess.py:93} INFO - [0m18:39:28  4 of 9 START sql view model main.stg_weather_raw ............................... [RUN]
[2026-09-19T18:39:28.564+0000] {subprocess.py:93} INFO - [0m18:39:28  [[31mERROR[0m]: Unhandled error while executing
[2026-09-19T18:39:28.565+0000] {subprocess.py:93} INFO - [Errno 13] Permission denied: '/opt/***/project/weather_dbt/target/compiled/weather_dbt/models/staging/stg_weather_raw.sql'
[2026-09-19T18:39:28.568+0000] {subprocess.py:93} INFO - [0m18:39:28  4 of 9 ERROR creating sql view model main.stg_weather_raw ...................... [[31mERROR[0m in 0.01s]
[2026-09-19T18:39:28.571+0000] {subprocess.py:93} INFO - [0m18:39:28  5 of 9 START sql view model main.int_orders_by_restaurant ...................... [RUN]
[2026-09-19T18:39:28.615+0000] {subprocess.py:93} INFO - [0m18:39:28  5 of 9 OK created sql view model main.int_orders_by_restaurant ................. [[32mOK[0m in 0.04s]
[2026-09-19T18:39:28.618+0000] {subprocess.py:93} INFO - [0m18:39:28  6 of 9 START sql table model main.mart_city_orders ............................. [RUN]
[2026-09-19T18:39:28.735+0000] {subprocess.py:93} INFO - [0m18:39:28  6 of 9 OK created sql table model main.mart_city_orders ........................ [[32mOK[0m in 0.12s]
[2026-09-19T18:39:28.737+0000] {subprocess.py:93} INFO - [0m18:39:28  7 of 9 START sql view model main.int_orders_enriched ........................... [RUN]
[2026-09-19T18:39:28.781+0000] {subprocess.py:93} INFO - [0m18:39:28  7 of 9 OK created sql view model main.int_orders_enriched ...................... [[32mOK[0m in 0.04s]
[2026-09-19T18:39:28.784+0000] {subprocess.py:93} INFO - [0m18:39:28  8 of 9 START sql table model main.mart_restaurant_summary ...................... [RUN]
[2026-09-19T18:39:28.837+0000] {subprocess.py:93} INFO - [0m18:39:28  8 of 9 OK created sql table model main.mart_restaurant_summary ................. [[32mOK[0m in 0.05s]
[2026-09-19T18:39:28.840+0000] {subprocess.py:93} INFO - [0m18:39:28  9 of 9 START sql table model main.mart_city_summary ............................ [RUN]
[2026-09-19T18:39:28.893+0000] {subprocess.py:93} INFO - [0m18:39:28  9 of 9 OK created sql table model main.mart_city_summary ....................... [[32mOK[0m in 0.05s]
[2026-09-19T18:39:28.904+0000] {subprocess.py:93} INFO - [0m18:39:28
[2026-09-19T18:39:28.904+0000] {subprocess.py:93} INFO - [0m18:39:28  Finished running 3 table models, 6 view models in 0 hours 0 minutes and 0.81 seconds (0.81s).
[2026-09-19T18:39:28.987+0000] {subprocess.py:93} INFO - [0m18:39:28
[2026-09-19T18:39:28.988+0000] {subprocess.py:93} INFO - [0m18:39:28  [31mCompleted with 1 error, 0 partial successes, and 0 warnings:[0m
[2026-09-19T18:39:28.988+0000] {subprocess.py:93} INFO - [0m18:39:28
[2026-09-19T18:39:28.989+0000] {subprocess.py:93} INFO - [0m18:39:28  [[31mERROR[0m]: in model stg_weather_raw (models/staging/stg_weather_raw.sql)
[2026-09-19T18:39:28.990+0000] {subprocess.py:93} INFO - [0m18:39:28    [Errno 13] Permission denied: '/opt/***/project/weather_dbt/target/compiled/weather_dbt/models/staging/stg_weather_raw.sql'
[2026-09-19T18:39:28.991+0000] {subprocess.py:93} INFO - [0m18:39:28
[2026-09-19T18:39:28.991+0000] {subprocess.py:93} INFO - [0m18:39:28    compiled code at target/compiled/weather_dbt/models/staging/stg_weather_raw.sql
[2026-09-19T18:39:28.992+0000] {subprocess.py:93} INFO - [0m18:39:28
[2026-09-19T18:39:28.992+0000] {subprocess.py:93} INFO - [0m18:39:28  Done. PASS=8 WARN=0 ERROR=1 SKIP=0 NO-OP=0 REUSED=0 TOTAL=9
[2026-09-19T18:39:29.429+0000] {subprocess.py:97} INFO - Command exited with return code 1
[2026-09-19T18:39:29.430+0000] {taskinstance.py:441} INFO - ::group::Post task execution logs
[2026-09-19T18:39:29.447+0000] {taskinstance.py:2905} ERROR - Task failed with exception
Traceback (most recent call last):
  File "/home/airflow/.local/lib/python3.12/site-packages/airflow/models/taskinstance.py", line 465, in _execute_task
    result = _execute_callable(context=context, **execute_callable_kwargs)
             ^^^^^^^^^^^^^^^^^^^^^^^^^^^^^^^^^^^^^^^^^^^^^^^^^^^^^^^^^^^^^
  File "/home/airflow/.local/lib/python3.12/site-packages/airflow/models/taskinstance.py", line 432, in _execute_callable
    return execute_callable(context=context, **execute_callable_kwargs)
           ^^^^^^^^^^^^^^^^^^^^^^^^^^^^^^^^^^^^^^^^^^^^^^^^^^^^^^^^^^^^
  File "/home/airflow/.local/lib/python3.12/site-packages/airflow/models/baseoperator.py", line 401, in wrapper
    return func(self, *args, **kwargs)
           ^^^^^^^^^^^^^^^^^^^^^^^^^^^
  File "/home/airflow/.local/lib/python3.12/site-packages/airflow/operators/bash.py", line 243, in execute
    raise AirflowException(
airflow.exceptions.AirflowException: Bash command failed. The command returned a non-zero exit code 1.
[2026-09-19T18:39:29.452+0000] {taskinstance.py:1206} INFO - Marking task as FAILED. dag_id=weather_pipeline, task_id=run_dbt, run_id=manual__2026-09-19T18:38:30.794474+00:00, execution_date=20260919T183830, start_date=20260919T183922, end_date=20260919T183929
[2026-09-19T18:39:29.454+0000] {logging_mixin.py:188} WARNING - /home/***/.local/lib/python3.12/site-packages/***/utils/context.py:212 AirflowContextDeprecationWarning: Accessing 'execution_date' from the template is deprecated and will be removed in a future version. Please use 'data_interval_start' or 'logical_date' instead.
[2026-09-19T18:39:29.455+0000] {logging_mixin.py:188} INFO - ALERT: Task 'run_dbt' in DAG 'weather_pipeline' failed at 2026-09-19 18:38:30.794474+00:00
[2026-09-19T18:39:29.455+0000] {logging_mixin.py:188} INFO - Log URL: http://localhost:8080/dags/weather_pipeline/grid?dag_run_id=manual__2026-09-19T18%3A38%3A30.794474%2B00%3A00&task_id=run_dbt&map_index=-1&tab=logs
[2026-09-19T18:39:29.470+0000] {standard_task_runner.py:110} ERROR - Failed to execute job 40 for task run_dbt (Bash command failed. The command returned a non-zero exit code 1.; 1456)
[2026-09-19T18:39:29.502+0000] {local_task_job_runner.py:243} INFO - Task exited with return code 1
[2026-09-19T18:39:29.528+0000] {taskinstance.py:3503} INFO - 0 downstream tasks scheduled from follow-on schedule check
[2026-09-19T18:39:29.531+0000] {local_task_job_runner.py:222} INFO - ::endgroup::
