[2026-09-19T17:09:15.517+0000] {local_task_job_runner.py:120} INFO - ::group::Pre task execution logs
[2026-09-19T17:09:15.569+0000] {taskinstance.py:2076} INFO - Dependencies all met for dep_context=non-requeueable deps ti=<TaskInstance: weather_pipeline.aggregate_weather scheduled__2026-09-18T00:00:00+00:00 [queued]>
[2026-09-19T17:09:15.582+0000] {taskinstance.py:2076} INFO - Dependencies all met for dep_context=requeueable deps ti=<TaskInstance: weather_pipeline.aggregate_weather scheduled__2026-09-18T00:00:00+00:00 [queued]>
[2026-09-19T17:09:15.582+0000] {taskinstance.py:2306} INFO - Starting attempt 1 of 2
[2026-09-19T17:09:15.602+0000] {taskinstance.py:2330} INFO - Executing <Task(PythonOperator): aggregate_weather> on 2026-09-18 00:00:00+00:00
[2026-09-19T17:09:15.612+0000] {standard_task_runner.py:90} INFO - Running: ['***', 'tasks', 'run', 'weather_pipeline', 'aggregate_weather', 'scheduled__2026-09-18T00:00:00+00:00', '--job-id', '8', '--raw', '--subdir', 'DAGS_FOLDER/weather_pipeline_dag.py', '--cfg-path', '/tmp/tmpm5_rg5gc']
[2026-09-19T17:09:15.615+0000] {standard_task_runner.py:91} INFO - Job 8: Subtask aggregate_weather
[2026-09-19T17:09:15.619+0000] {logging_mixin.py:188} WARNING - /home/***/.local/lib/python3.12/site-packages/***/task/task_runner/standard_task_runner.py:62 DeprecationWarning: This process (pid=339) is multi-threaded, use of fork() may lead to deadlocks in the child.
[2026-09-19T17:09:15.620+0000] {standard_task_runner.py:64} INFO - Started process 340 to run task
[2026-09-19T17:09:15.698+0000] {task_command.py:426} INFO - Running <TaskInstance: weather_pipeline.aggregate_weather scheduled__2026-09-18T00:00:00+00:00 [running]> on host db333aec3d12
[2026-09-19T17:09:15.833+0000] {taskinstance.py:2648} INFO - Exporting env vars: AIRFLOW_CTX_DAG_OWNER='***' AIRFLOW_CTX_DAG_ID='weather_pipeline' AIRFLOW_CTX_TASK_ID='aggregate_weather' AIRFLOW_CTX_EXECUTION_DATE='2026-09-18T00:00:00+00:00' AIRFLOW_CTX_TRY_NUMBER='1' AIRFLOW_CTX_DAG_RUN_ID='scheduled__2026-09-18T00:00:00+00:00'
[2026-09-19T17:09:15.833+0000] {taskinstance.py:430} INFO - ::endgroup::
[2026-09-19T17:09:17.899+0000] {logging_mixin.py:188} INFO - Aggregated 7 cities
[2026-09-19T17:09:17.900+0000] {python.py:237} INFO - Done. Returned value was: None
[2026-09-19T17:09:17.900+0000] {taskinstance.py:441} INFO - ::group::Post task execution logs
[2026-09-19T17:09:17.918+0000] {taskinstance.py:1206} INFO - Marking task as SUCCESS. dag_id=weather_pipeline, task_id=aggregate_weather, run_id=scheduled__2026-09-18T00:00:00+00:00, execution_date=20260918T000000, start_date=20260919T170915, end_date=20260919T170917
[2026-09-19T17:09:17.963+0000] {local_task_job_runner.py:243} INFO - Task exited with return code 0
[2026-09-19T17:09:17.997+0000] {taskinstance.py:3503} INFO - 1 downstream tasks scheduled from follow-on schedule check
[2026-09-19T17:09:18.000+0000] {local_task_job_runner.py:222} INFO - ::endgroup::
[2026-09-19T17:11:46.730+0000] {local_task_job_runner.py:120} INFO - ::group::Pre task execution logs
[2026-09-19T17:11:46.797+0000] {taskinstance.py:2076} INFO - Dependencies all met for dep_context=non-requeueable deps ti=<TaskInstance: weather_pipeline.aggregate_weather scheduled__2026-09-18T00:00:00+00:00 [queued]>
[2026-09-19T17:11:46.817+0000] {taskinstance.py:2076} INFO - Dependencies all met for dep_context=requeueable deps ti=<TaskInstance: weather_pipeline.aggregate_weather scheduled__2026-09-18T00:00:00+00:00 [queued]>
[2026-09-19T17:11:46.818+0000] {taskinstance.py:2306} INFO - Starting attempt 1 of 2
[2026-09-19T17:11:46.852+0000] {taskinstance.py:2330} INFO - Executing <Task(PythonOperator): aggregate_weather> on 2026-09-18 00:00:00+00:00
[2026-09-19T17:11:46.866+0000] {standard_task_runner.py:90} INFO - Running: ['***', 'tasks', 'run', 'weather_pipeline', 'aggregate_weather', 'scheduled__2026-09-18T00:00:00+00:00', '--job-id', '11', '--raw', '--subdir', 'DAGS_FOLDER/weather_pipeline_dag.py', '--cfg-path', '/tmp/tmpzjglwe48']
[2026-09-19T17:11:46.869+0000] {standard_task_runner.py:91} INFO - Job 11: Subtask aggregate_weather
[2026-09-19T17:11:46.874+0000] {logging_mixin.py:188} WARNING - /home/***/.local/lib/python3.12/site-packages/***/task/task_runner/standard_task_runner.py:62 DeprecationWarning: This process (pid=372) is multi-threaded, use of fork() may lead to deadlocks in the child.
[2026-09-19T17:11:46.876+0000] {standard_task_runner.py:64} INFO - Started process 373 to run task
[2026-09-19T17:11:46.993+0000] {task_command.py:426} INFO - Running <TaskInstance: weather_pipeline.aggregate_weather scheduled__2026-09-18T00:00:00+00:00 [running]> on host db333aec3d12
[2026-09-19T17:11:47.153+0000] {taskinstance.py:2648} INFO - Exporting env vars: AIRFLOW_CTX_DAG_OWNER='***' AIRFLOW_CTX_DAG_ID='weather_pipeline' AIRFLOW_CTX_TASK_ID='aggregate_weather' AIRFLOW_CTX_EXECUTION_DATE='2026-09-18T00:00:00+00:00' AIRFLOW_CTX_TRY_NUMBER='1' AIRFLOW_CTX_DAG_RUN_ID='scheduled__2026-09-18T00:00:00+00:00'
[2026-09-19T17:11:47.154+0000] {taskinstance.py:430} INFO - ::endgroup::
[2026-09-19T17:11:47.734+0000] {logging_mixin.py:188} INFO - Aggregated 7 cities
[2026-09-19T17:11:47.735+0000] {python.py:237} INFO - Done. Returned value was: None
[2026-09-19T17:11:47.735+0000] {taskinstance.py:441} INFO - ::group::Post task execution logs
[2026-09-19T17:11:47.750+0000] {taskinstance.py:1206} INFO - Marking task as SUCCESS. dag_id=weather_pipeline, task_id=aggregate_weather, run_id=scheduled__2026-09-18T00:00:00+00:00, execution_date=20260918T000000, start_date=20260919T171146, end_date=20260919T171147
[2026-09-19T17:11:47.775+0000] {local_task_job_runner.py:243} INFO - Task exited with return code 0
[2026-09-19T17:11:47.806+0000] {taskinstance.py:3503} INFO - 1 downstream tasks scheduled from follow-on schedule check
[2026-09-19T17:11:47.808+0000] {local_task_job_runner.py:222} INFO - ::endgroup::
