[2026-09-19T18:38:34.757+0000] {local_task_job_runner.py:120} INFO - ::group::Pre task execution logs
[2026-09-19T18:38:34.819+0000] {taskinstance.py:2076} INFO - Dependencies all met for dep_context=non-requeueable deps ti=<TaskInstance: weather_pipeline.wait_for_raw_data manual__2026-09-19T18:38:30.794474+00:00 [queued]>
[2026-09-19T18:38:34.834+0000] {taskinstance.py:2076} INFO - Dependencies all met for dep_context=requeueable deps ti=<TaskInstance: weather_pipeline.wait_for_raw_data manual__2026-09-19T18:38:30.794474+00:00 [queued]>
[2026-09-19T18:38:34.835+0000] {taskinstance.py:2306} INFO - Starting attempt 1 of 2
[2026-09-19T18:38:34.855+0000] {taskinstance.py:2330} INFO - Executing <Task(FileSensor): wait_for_raw_data> on 2026-09-19 18:38:30.794474+00:00
[2026-09-19T18:38:34.863+0000] {logging_mixin.py:188} WARNING - /home/***/.local/lib/python3.12/site-packages/***/task/task_runner/standard_task_runner.py:62 DeprecationWarning: This process (pid=1411) is multi-threaded, use of fork() may lead to deadlocks in the child.
[2026-09-19T18:38:34.865+0000] {standard_task_runner.py:64} INFO - Started process 1417 to run task
[2026-09-19T18:38:34.863+0000] {standard_task_runner.py:90} INFO - Running: ['***', 'tasks', 'run', 'weather_pipeline', 'wait_for_raw_data', 'manual__2026-09-19T18:38:30.794474+00:00', '--job-id', '36', '--raw', '--subdir', 'DAGS_FOLDER/weather_pipeline_dag.py', '--cfg-path', '/tmp/tmpnjsb4fvh']
[2026-09-19T18:38:34.866+0000] {standard_task_runner.py:91} INFO - Job 36: Subtask wait_for_raw_data
[2026-09-19T18:38:34.947+0000] {task_command.py:426} INFO - Running <TaskInstance: weather_pipeline.wait_for_raw_data manual__2026-09-19T18:38:30.794474+00:00 [running]> on host db333aec3d12
[2026-09-19T18:38:35.096+0000] {taskinstance.py:2648} INFO - Exporting env vars: AIRFLOW_CTX_DAG_OWNER='***' AIRFLOW_CTX_DAG_ID='weather_pipeline' AIRFLOW_CTX_TASK_ID='wait_for_raw_data' AIRFLOW_CTX_EXECUTION_DATE='2026-09-19T18:38:30.794474+00:00' AIRFLOW_CTX_TRY_NUMBER='1' AIRFLOW_CTX_DAG_RUN_ID='manual__2026-09-19T18:38:30.794474+00:00'
[2026-09-19T18:38:35.097+0000] {taskinstance.py:430} INFO - ::endgroup::
[2026-09-19T18:38:35.116+0000] {baseoperator.py:400} WARNING - FileSensor.execute cannot be called outside TaskInstance!
[2026-09-19T18:38:35.134+0000] {base.py:84} INFO - Using connection ID 'fs_default' for task execution.
[2026-09-19T18:38:35.135+0000] {filesystem.py:85} INFO - Poking for file /opt/***/project/data/weather_raw.json
[2026-09-19T18:38:35.135+0000] {filesystem.py:89} INFO - Found File /opt/***/project/data/weather_raw.json last modified: 20260919183834
[2026-09-19T18:38:35.136+0000] {base.py:294} INFO - Success criteria met. Exiting.
[2026-09-19T18:38:35.136+0000] {filesystem.py:85} INFO - Poking for file /opt/***/project/data/weather_raw.json
[2026-09-19T18:38:35.136+0000] {filesystem.py:89} INFO - Found File /opt/***/project/data/weather_raw.json last modified: 20260919183834
[2026-09-19T18:38:35.137+0000] {taskinstance.py:441} INFO - ::group::Post task execution logs
[2026-09-19T18:38:35.154+0000] {taskinstance.py:1206} INFO - Marking task as SUCCESS. dag_id=weather_pipeline, task_id=wait_for_raw_data, run_id=manual__2026-09-19T18:38:30.794474+00:00, execution_date=20260919T183830, start_date=20260919T183834, end_date=20260919T183835
[2026-09-19T18:38:35.199+0000] {local_task_job_runner.py:243} INFO - Task exited with return code 0
[2026-09-19T18:38:35.244+0000] {taskinstance.py:3503} INFO - 1 downstream tasks scheduled from follow-on schedule check
[2026-09-19T18:38:35.247+0000] {local_task_job_runner.py:222} INFO - ::endgroup::
