[2026-09-19T17:41:02.041+0000] {local_task_job_runner.py:120} INFO - ::group::Pre task execution logs
[2026-09-19T17:41:02.098+0000] {taskinstance.py:2076} INFO - Dependencies all met for dep_context=non-requeueable deps ti=<TaskInstance: weather_pipeline.run_dbt manual__2026-09-19T17:40:53.588884+00:00 [queued]>
[2026-09-19T17:41:02.112+0000] {taskinstance.py:2076} INFO - Dependencies all met for dep_context=requeueable deps ti=<TaskInstance: weather_pipeline.run_dbt manual__2026-09-19T17:40:53.588884+00:00 [queued]>
[2026-09-19T17:41:02.112+0000] {taskinstance.py:2306} INFO - Starting attempt 1 of 2
[2026-09-19T17:41:02.137+0000] {taskinstance.py:2330} INFO - Executing <Task(BashOperator): run_dbt> on 2026-09-19 17:40:53.588884+00:00
[2026-09-19T17:41:02.147+0000] {standard_task_runner.py:90} INFO - Running: ['***', 'tasks', 'run', 'weather_pipeline', 'run_dbt', 'manual__2026-09-19T17:40:53.588884+00:00', '--job-id', '22', '--raw', '--subdir', 'DAGS_FOLDER/weather_pipeline_dag.py', '--cfg-path', '/tmp/tmpujnfgzyo']
[2026-09-19T17:41:02.149+0000] {standard_task_runner.py:91} INFO - Job 22: Subtask run_dbt
[2026-09-19T17:41:02.154+0000] {logging_mixin.py:188} WARNING - /home/***/.local/lib/python3.12/site-packages/***/task/task_runner/standard_task_runner.py:62 DeprecationWarning: This process (pid=741) is multi-threaded, use of fork() may lead to deadlocks in the child.
[2026-09-19T17:41:02.155+0000] {standard_task_runner.py:64} INFO - Started process 744 to run task
[2026-09-19T17:41:02.231+0000] {task_command.py:426} INFO - Running <TaskInstance: weather_pipeline.run_dbt manual__2026-09-19T17:40:53.588884+00:00 [running]> on host db333aec3d12
[2026-09-19T17:41:02.406+0000] {taskinstance.py:2648} INFO - Exporting env vars: AIRFLOW_CTX_DAG_OWNER='***' AIRFLOW_CTX_DAG_ID='weather_pipeline' AIRFLOW_CTX_TASK_ID='run_dbt' AIRFLOW_CTX_EXECUTION_DATE='2026-09-19T17:40:53.588884+00:00' AIRFLOW_CTX_TRY_NUMBER='1' AIRFLOW_CTX_DAG_RUN_ID='manual__2026-09-19T17:40:53.588884+00:00'
[2026-09-19T17:41:02.407+0000] {taskinstance.py:430} INFO - ::endgroup::
[2026-09-19T17:41:02.433+0000] {subprocess.py:63} INFO - Tmp dir root location: /tmp
[2026-09-19T17:41:02.434+0000] {subprocess.py:75} INFO - Running command: ['/usr/bin/bash', '-c', 'cd /opt/***/project/weather_dbt && dbt run --profiles-dir .']
[2026-09-19T17:41:02.447+0000] {subprocess.py:86} INFO - Output:
[2026-09-19T17:41:06.508+0000] {subprocess.py:93} INFO - [0m17:41:06  Running with dbt=1.12.5
[2026-09-19T17:41:07.053+0000] {subprocess.py:93} INFO - [0m17:41:07  Registered adapter: duckdb=1.11.0
[2026-09-19T17:41:08.170+0000] {subprocess.py:93} INFO - [0m17:41:08  Found 8 models, 1 snapshot, 22 data tests, 1 seed, 3 sources, 503 macros
[2026-09-19T17:41:08.175+0000] {subprocess.py:93} INFO - [0m17:41:08
[2026-09-19T17:41:08.177+0000] {subprocess.py:93} INFO - [0m17:41:08  Concurrency: 1 threads (target='dev')
[2026-09-19T17:41:08.177+0000] {subprocess.py:93} INFO - [0m17:41:08
[2026-09-19T17:41:08.344+0000] {subprocess.py:93} INFO - [0m17:41:08  1 of 8 START sql view model main.stg_deliveries ................................ [RUN]
[2026-09-19T17:41:08.566+0000] {subprocess.py:93} INFO - [0m17:41:08  1 of 8 OK created sql view model main.stg_deliveries ........................... [[32mOK[0m in 0.22s]
[2026-09-19T17:41:08.569+0000] {subprocess.py:93} INFO - [0m17:41:08  2 of 8 START sql view model main.stg_orders .................................... [RUN]
[2026-09-19T17:41:08.617+0000] {subprocess.py:93} INFO - [0m17:41:08  2 of 8 OK created sql view model main.stg_orders ............................... [[32mOK[0m in 0.05s]
[2026-09-19T17:41:08.620+0000] {subprocess.py:93} INFO - [0m17:41:08  3 of 8 START sql view model main.stg_weather ................................... [RUN]
[2026-09-19T17:41:08.667+0000] {subprocess.py:93} INFO - [0m17:41:08  3 of 8 OK created sql view model main.stg_weather .............................. [[32mOK[0m in 0.05s]
[2026-09-19T17:41:08.670+0000] {subprocess.py:93} INFO - [0m17:41:08  4 of 8 START sql view model main.int_orders_by_restaurant ...................... [RUN]
[2026-09-19T17:41:08.719+0000] {subprocess.py:93} INFO - [0m17:41:08  4 of 8 OK created sql view model main.int_orders_by_restaurant ................. [[32mOK[0m in 0.05s]
[2026-09-19T17:41:08.722+0000] {subprocess.py:93} INFO - [0m17:41:08  5 of 8 START sql table model main.mart_city_orders ............................. [RUN]
[2026-09-19T17:41:08.848+0000] {subprocess.py:93} INFO - [0m17:41:08  5 of 8 OK created sql table model main.mart_city_orders ........................ [[32mOK[0m in 0.12s]
[2026-09-19T17:41:08.851+0000] {subprocess.py:93} INFO - [0m17:41:08  6 of 8 START sql view model main.int_orders_enriched ........................... [RUN]
[2026-09-19T17:41:08.901+0000] {subprocess.py:93} INFO - [0m17:41:08  6 of 8 OK created sql view model main.int_orders_enriched ...................... [[32mOK[0m in 0.05s]
[2026-09-19T17:41:08.904+0000] {subprocess.py:93} INFO - [0m17:41:08  7 of 8 START sql table model main.mart_restaurant_summary ...................... [RUN]
[2026-09-19T17:41:08.964+0000] {subprocess.py:93} INFO - [0m17:41:08  7 of 8 OK created sql table model main.mart_restaurant_summary ................. [[32mOK[0m in 0.06s]
[2026-09-19T17:41:08.966+0000] {subprocess.py:93} INFO - [0m17:41:08  8 of 8 START sql table model main.mart_city_summary ............................ [RUN]
[2026-09-19T17:41:09.023+0000] {subprocess.py:93} INFO - [0m17:41:09  8 of 8 OK created sql table model main.mart_city_summary ....................... [[32mOK[0m in 0.05s]
[2026-09-19T17:41:09.034+0000] {subprocess.py:93} INFO - [0m17:41:09
[2026-09-19T17:41:09.034+0000] {subprocess.py:93} INFO - [0m17:41:09  Finished running 3 table models, 5 view models in 0 hours 0 minutes and 0.86 seconds (0.86s).
[2026-09-19T17:41:09.123+0000] {subprocess.py:93} INFO - [0m17:41:09
[2026-09-19T17:41:09.124+0000] {subprocess.py:93} INFO - [0m17:41:09  [32mCompleted successfully[0m
[2026-09-19T17:41:09.124+0000] {subprocess.py:93} INFO - [0m17:41:09
[2026-09-19T17:41:09.125+0000] {subprocess.py:93} INFO - [0m17:41:09  Done. PASS=8 WARN=0 ERROR=0 SKIP=0 NO-OP=0 REUSED=0 TOTAL=8
[2026-09-19T17:41:10.512+0000] {subprocess.py:97} INFO - Command exited with return code 0
[2026-09-19T17:41:10.513+0000] {taskinstance.py:441} INFO - ::group::Post task execution logs
[2026-09-19T17:41:10.564+0000] {taskinstance.py:1206} INFO - Marking task as SUCCESS. dag_id=weather_pipeline, task_id=run_dbt, run_id=manual__2026-09-19T17:40:53.588884+00:00, execution_date=20260919T174053, start_date=20260919T174102, end_date=20260919T174110
[2026-09-19T17:41:10.624+0000] {local_task_job_runner.py:243} INFO - Task exited with return code 0
[2026-09-19T17:41:10.649+0000] {taskinstance.py:3503} INFO - 0 downstream tasks scheduled from follow-on schedule check
[2026-09-19T17:41:10.652+0000] {local_task_job_runner.py:222} INFO - ::endgroup::
