[2026-09-19T17:56:37.554+0000] {local_task_job_runner.py:120} INFO - ::group::Pre task execution logs
[2026-09-19T17:56:37.636+0000] {taskinstance.py:2076} INFO - Dependencies all met for dep_context=non-requeueable deps ti=<TaskInstance: weather_pipeline.fetch_weather manual__2026-09-19T17:56:37.008593+00:00 [queued]>
[2026-09-19T17:56:37.650+0000] {taskinstance.py:2076} INFO - Dependencies all met for dep_context=requeueable deps ti=<TaskInstance: weather_pipeline.fetch_weather manual__2026-09-19T17:56:37.008593+00:00 [queued]>
[2026-09-19T17:56:37.651+0000] {taskinstance.py:2306} INFO - Starting attempt 1 of 4
[2026-09-19T17:56:37.670+0000] {taskinstance.py:2330} INFO - Executing <Task(PythonOperator): fetch_weather> on 2026-09-19 17:56:37.008593+00:00
[2026-09-19T17:56:37.681+0000] {standard_task_runner.py:90} INFO - Running: ['***', 'tasks', 'run', 'weather_pipeline', 'fetch_weather', 'manual__2026-09-19T17:56:37.008593+00:00', '--job-id', '27', '--raw', '--subdir', 'DAGS_FOLDER/weather_pipeline_dag.py', '--cfg-path', '/tmp/tmptjw0rcfl']
[2026-09-19T17:56:37.685+0000] {standard_task_runner.py:91} INFO - Job 27: Subtask fetch_weather
[2026-09-19T17:56:37.689+0000] {logging_mixin.py:188} WARNING - /home/***/.local/lib/python3.12/site-packages/***/task/task_runner/standard_task_runner.py:62 DeprecationWarning: This process (pid=949) is multi-threaded, use of fork() may lead to deadlocks in the child.
[2026-09-19T17:56:37.690+0000] {standard_task_runner.py:64} INFO - Started process 950 to run task
[2026-09-19T17:56:37.769+0000] {task_command.py:426} INFO - Running <TaskInstance: weather_pipeline.fetch_weather manual__2026-09-19T17:56:37.008593+00:00 [running]> on host db333aec3d12
[2026-09-19T17:56:37.920+0000] {taskinstance.py:2648} INFO - Exporting env vars: AIRFLOW_CTX_DAG_OWNER='***' AIRFLOW_CTX_DAG_ID='weather_pipeline' AIRFLOW_CTX_TASK_ID='fetch_weather' AIRFLOW_CTX_EXECUTION_DATE='2026-09-19T17:56:37.008593+00:00' AIRFLOW_CTX_TRY_NUMBER='1' AIRFLOW_CTX_DAG_RUN_ID='manual__2026-09-19T17:56:37.008593+00:00'
[2026-09-19T17:56:37.921+0000] {taskinstance.py:430} INFO - ::endgroup::
[2026-09-19T17:56:38.600+0000] {weather.py:76} INFO - Successfully fetched weather data.
[2026-09-19T17:56:38.931+0000] {weather.py:76} INFO - Successfully fetched weather data.
[2026-09-19T17:56:39.268+0000] {weather.py:76} INFO - Successfully fetched weather data.
[2026-09-19T17:56:39.628+0000] {weather.py:76} INFO - Successfully fetched weather data.
[2026-09-19T17:56:39.960+0000] {weather.py:76} INFO - Successfully fetched weather data.
[2026-09-19T17:56:40.292+0000] {weather.py:76} INFO - Successfully fetched weather data.
[2026-09-19T17:56:40.620+0000] {weather.py:76} INFO - Successfully fetched weather data.
[2026-09-19T17:56:40.633+0000] {file_ops.py:54} INFO - 504 added to the file: /opt/***/project/data/weather_raw.json
[2026-09-19T17:56:40.634+0000] {logging_mixin.py:188} INFO - Fetched 504 records
[2026-09-19T17:56:40.635+0000] {python.py:237} INFO - Done. Returned value was: None
[2026-09-19T17:56:40.636+0000] {taskinstance.py:441} INFO - ::group::Post task execution logs
[2026-09-19T17:56:40.666+0000] {taskinstance.py:1206} INFO - Marking task as SUCCESS. dag_id=weather_pipeline, task_id=fetch_weather, run_id=manual__2026-09-19T17:56:37.008593+00:00, execution_date=20260919T175637, start_date=20260919T175637, end_date=20260919T175640
[2026-09-19T17:56:40.718+0000] {local_task_job_runner.py:243} INFO - Task exited with return code 0
[2026-09-19T17:56:40.779+0000] {taskinstance.py:3503} INFO - 1 downstream tasks scheduled from follow-on schedule check
[2026-09-19T17:56:40.785+0000] {local_task_job_runner.py:222} INFO - ::endgroup::
