[2026-09-19T17:40:57.547+0000] {local_task_job_runner.py:120} INFO - ::group::Pre task execution logs
[2026-09-19T17:40:57.635+0000] {taskinstance.py:2076} INFO - Dependencies all met for dep_context=non-requeueable deps ti=<TaskInstance: weather_pipeline.wait_for_raw_data manual__2026-09-19T17:40:53.588884+00:00 [queued]>
[2026-09-19T17:40:57.663+0000] {taskinstance.py:2076} INFO - Dependencies all met for dep_context=requeueable deps ti=<TaskInstance: weather_pipeline.wait_for_raw_data manual__2026-09-19T17:40:53.588884+00:00 [queued]>
[2026-09-19T17:40:57.664+0000] {taskinstance.py:2306} INFO - Starting attempt 1 of 2
[2026-09-19T17:40:57.693+0000] {taskinstance.py:2330} INFO - Executing <Task(FileSensor): wait_for_raw_data> on 2026-09-19 17:40:53.588884+00:00
[2026-09-19T17:40:57.704+0000] {standard_task_runner.py:90} INFO - Running: ['***', 'tasks', 'run', 'weather_pipeline', 'wait_for_raw_data', 'manual__2026-09-19T17:40:53.588884+00:00', '--job-id', '18', '--raw', '--subdir', 'DAGS_FOLDER/weather_pipeline_dag.py', '--cfg-path', '/tmp/tmpcexeajwv']
[2026-09-19T17:40:57.710+0000] {standard_task_runner.py:91} INFO - Job 18: Subtask wait_for_raw_data
[2026-09-19T17:40:57.712+0000] {logging_mixin.py:188} WARNING - /home/***/.local/lib/python3.12/site-packages/***/task/task_runner/standard_task_runner.py:62 DeprecationWarning: This process (pid=734) is multi-threaded, use of fork() may lead to deadlocks in the child.
[2026-09-19T17:40:57.714+0000] {standard_task_runner.py:64} INFO - Started process 735 to run task
[2026-09-19T17:40:57.827+0000] {task_command.py:426} INFO - Running <TaskInstance: weather_pipeline.wait_for_raw_data manual__2026-09-19T17:40:53.588884+00:00 [running]> on host db333aec3d12
[2026-09-19T17:40:58.096+0000] {taskinstance.py:2648} INFO - Exporting env vars: AIRFLOW_CTX_DAG_OWNER='***' AIRFLOW_CTX_DAG_ID='weather_pipeline' AIRFLOW_CTX_TASK_ID='wait_for_raw_data' AIRFLOW_CTX_EXECUTION_DATE='2026-09-19T17:40:53.588884+00:00' AIRFLOW_CTX_TRY_NUMBER='1' AIRFLOW_CTX_DAG_RUN_ID='manual__2026-09-19T17:40:53.588884+00:00'
[2026-09-19T17:40:58.099+0000] {taskinstance.py:430} INFO - ::endgroup::
[2026-09-19T17:40:58.130+0000] {baseoperator.py:400} WARNING - FileSensor.execute cannot be called outside TaskInstance!
[2026-09-19T17:40:58.156+0000] {base.py:84} INFO - Using connection ID 'fs_default' for task execution.
[2026-09-19T17:40:58.159+0000] {filesystem.py:85} INFO - Poking for file /opt/***/project/data/weather_raw.json
[2026-09-19T17:40:58.159+0000] {filesystem.py:89} INFO - Found File /opt/***/project/data/weather_raw.json last modified: 20260919174056
[2026-09-19T17:40:58.160+0000] {base.py:294} INFO - Success criteria met. Exiting.
[2026-09-19T17:40:58.161+0000] {filesystem.py:85} INFO - Poking for file /opt/***/project/data/weather_raw.json
[2026-09-19T17:40:58.161+0000] {filesystem.py:89} INFO - Found File /opt/***/project/data/weather_raw.json last modified: 20260919174056
[2026-09-19T17:40:58.162+0000] {taskinstance.py:441} INFO - ::group::Post task execution logs
[2026-09-19T17:40:58.188+0000] {taskinstance.py:1206} INFO - Marking task as SUCCESS. dag_id=weather_pipeline, task_id=wait_for_raw_data, run_id=manual__2026-09-19T17:40:53.588884+00:00, execution_date=20260919T174053, start_date=20260919T174057, end_date=20260919T174058
[2026-09-19T17:40:58.251+0000] {local_task_job_runner.py:243} INFO - Task exited with return code 0
[2026-09-19T17:40:58.339+0000] {taskinstance.py:3503} INFO - 1 downstream tasks scheduled from follow-on schedule check
[2026-09-19T17:40:58.345+0000] {local_task_job_runner.py:222} INFO - ::endgroup::
