[2026-09-19T17:56:45.336+0000] {local_task_job_runner.py:120} INFO - ::group::Pre task execution logs
[2026-09-19T17:56:45.426+0000] {taskinstance.py:2076} INFO - Dependencies all met for dep_context=non-requeueable deps ti=<TaskInstance: weather_pipeline.run_dbt manual__2026-09-19T17:56:37.008593+00:00 [queued]>
[2026-09-19T17:56:45.446+0000] {taskinstance.py:2076} INFO - Dependencies all met for dep_context=requeueable deps ti=<TaskInstance: weather_pipeline.run_dbt manual__2026-09-19T17:56:37.008593+00:00 [queued]>
[2026-09-19T17:56:45.447+0000] {taskinstance.py:2306} INFO - Starting attempt 1 of 2
[2026-09-19T17:56:45.477+0000] {taskinstance.py:2330} INFO - Executing <Task(BashOperator): run_dbt> on 2026-09-19 17:56:37.008593+00:00
[2026-09-19T17:56:45.491+0000] {standard_task_runner.py:90} INFO - Running: ['***', 'tasks', 'run', 'weather_pipeline', 'run_dbt', 'manual__2026-09-19T17:56:37.008593+00:00', '--job-id', '31', '--raw', '--subdir', 'DAGS_FOLDER/weather_pipeline_dag.py', '--cfg-path', '/tmp/tmp0f5tsyqd']
[2026-09-19T17:56:45.495+0000] {standard_task_runner.py:91} INFO - Job 31: Subtask run_dbt
[2026-09-19T17:56:45.503+0000] {logging_mixin.py:188} WARNING - /home/***/.local/lib/python3.12/site-packages/***/task/task_runner/standard_task_runner.py:62 DeprecationWarning: This process (pid=959) is multi-threaded, use of fork() may lead to deadlocks in the child.
[2026-09-19T17:56:45.504+0000] {standard_task_runner.py:64} INFO - Started process 961 to run task
[2026-09-19T17:56:45.600+0000] {task_command.py:426} INFO - Running <TaskInstance: weather_pipeline.run_dbt manual__2026-09-19T17:56:37.008593+00:00 [running]> on host db333aec3d12
[2026-09-19T17:56:45.770+0000] {taskinstance.py:2648} INFO - Exporting env vars: AIRFLOW_CTX_DAG_OWNER='***' AIRFLOW_CTX_DAG_ID='weather_pipeline' AIRFLOW_CTX_TASK_ID='run_dbt' AIRFLOW_CTX_EXECUTION_DATE='2026-09-19T17:56:37.008593+00:00' AIRFLOW_CTX_TRY_NUMBER='1' AIRFLOW_CTX_DAG_RUN_ID='manual__2026-09-19T17:56:37.008593+00:00'
[2026-09-19T17:56:45.771+0000] {taskinstance.py:430} INFO - ::endgroup::
[2026-09-19T17:56:45.789+0000] {subprocess.py:63} INFO - Tmp dir root location: /tmp
[2026-09-19T17:56:45.790+0000] {subprocess.py:75} INFO - Running command: ['/usr/bin/bash', '-c', 'cd /opt/***/project/weather_dbt && dbt run --profiles-dir .']
[2026-09-19T17:56:45.802+0000] {subprocess.py:86} INFO - Output:
[2026-09-19T17:56:49.738+0000] {subprocess.py:93} INFO - [0m17:56:49  Running with dbt=1.12.5
[2026-09-19T17:56:50.262+0000] {subprocess.py:93} INFO - [0m17:56:50  Registered adapter: duckdb=1.11.0
[2026-09-19T17:56:51.184+0000] {subprocess.py:93} INFO - [0m17:56:51  Found 8 models, 1 snapshot, 22 data tests, 1 seed, 3 sources, 503 macros
[2026-09-19T17:56:51.191+0000] {subprocess.py:93} INFO - [0m17:56:51
[2026-09-19T17:56:51.192+0000] {subprocess.py:93} INFO - [0m17:56:51  Concurrency: 1 threads (target='dev')
[2026-09-19T17:56:51.194+0000] {subprocess.py:93} INFO - [0m17:56:51
[2026-09-19T17:56:51.415+0000] {subprocess.py:93} INFO - [0m17:56:51  1 of 8 START sql view model main.stg_deliveries ................................ [RUN]
[2026-09-19T17:56:51.630+0000] {subprocess.py:93} INFO - [0m17:56:51  1 of 8 OK created sql view model main.stg_deliveries ........................... [[32mOK[0m in 0.21s]
[2026-09-19T17:56:51.633+0000] {subprocess.py:93} INFO - [0m17:56:51  2 of 8 START sql view model main.stg_orders .................................... [RUN]
[2026-09-19T17:56:51.684+0000] {subprocess.py:93} INFO - [0m17:56:51  2 of 8 OK created sql view model main.stg_orders ............................... [[32mOK[0m in 0.05s]
[2026-09-19T17:56:51.687+0000] {subprocess.py:93} INFO - [0m17:56:51  3 of 8 START sql view model main.stg_weather ................................... [RUN]
[2026-09-19T17:56:51.732+0000] {subprocess.py:93} INFO - [0m17:56:51  3 of 8 OK created sql view model main.stg_weather .............................. [[32mOK[0m in 0.04s]
[2026-09-19T17:56:51.734+0000] {subprocess.py:93} INFO - [0m17:56:51  4 of 8 START sql view model main.int_orders_by_restaurant ...................... [RUN]
[2026-09-19T17:56:51.782+0000] {subprocess.py:93} INFO - [0m17:56:51  4 of 8 OK created sql view model main.int_orders_by_restaurant ................. [[32mOK[0m in 0.05s]
[2026-09-19T17:56:51.784+0000] {subprocess.py:93} INFO - [0m17:56:51  5 of 8 START sql table model main.mart_city_orders ............................. [RUN]
[2026-09-19T17:56:51.912+0000] {subprocess.py:93} INFO - [0m17:56:51  5 of 8 OK created sql table model main.mart_city_orders ........................ [[32mOK[0m in 0.13s]
[2026-09-19T17:56:51.915+0000] {subprocess.py:93} INFO - [0m17:56:51  6 of 8 START sql view model main.int_orders_enriched ........................... [RUN]
[2026-09-19T17:56:51.963+0000] {subprocess.py:93} INFO - [0m17:56:51  6 of 8 OK created sql view model main.int_orders_enriched ...................... [[32mOK[0m in 0.05s]
[2026-09-19T17:56:51.966+0000] {subprocess.py:93} INFO - [0m17:56:51  7 of 8 START sql table model main.mart_restaurant_summary ...................... [RUN]
[2026-09-19T17:56:52.022+0000] {subprocess.py:93} INFO - [0m17:56:52  7 of 8 OK created sql table model main.mart_restaurant_summary ................. [[32mOK[0m in 0.05s]
[2026-09-19T17:56:52.025+0000] {subprocess.py:93} INFO - [0m17:56:52  8 of 8 START sql table model main.mart_city_summary ............................ [RUN]
[2026-09-19T17:56:52.084+0000] {subprocess.py:93} INFO - [0m17:56:52  8 of 8 OK created sql table model main.mart_city_summary ....................... [[32mOK[0m in 0.06s]
[2026-09-19T17:56:52.095+0000] {subprocess.py:93} INFO - [0m17:56:52
[2026-09-19T17:56:52.095+0000] {subprocess.py:93} INFO - [0m17:56:52  Finished running 3 table models, 5 view models in 0 hours 0 minutes and 0.90 seconds (0.90s).
[2026-09-19T17:56:52.184+0000] {subprocess.py:93} INFO - [0m17:56:52
[2026-09-19T17:56:52.184+0000] {subprocess.py:93} INFO - [0m17:56:52  [32mCompleted successfully[0m
[2026-09-19T17:56:52.185+0000] {subprocess.py:93} INFO - [0m17:56:52
[2026-09-19T17:56:52.185+0000] {subprocess.py:93} INFO - [0m17:56:52  Done. PASS=8 WARN=0 ERROR=0 SKIP=0 NO-OP=0 REUSED=0 TOTAL=8
[2026-09-19T17:56:53.546+0000] {subprocess.py:97} INFO - Command exited with return code 0
[2026-09-19T17:56:53.547+0000] {taskinstance.py:441} INFO - ::group::Post task execution logs
[2026-09-19T17:56:53.589+0000] {taskinstance.py:1206} INFO - Marking task as SUCCESS. dag_id=weather_pipeline, task_id=run_dbt, run_id=manual__2026-09-19T17:56:37.008593+00:00, execution_date=20260919T175637, start_date=20260919T175645, end_date=20260919T175653
[2026-09-19T17:56:53.651+0000] {local_task_job_runner.py:243} INFO - Task exited with return code 0
[2026-09-19T17:56:53.678+0000] {taskinstance.py:3503} INFO - 0 downstream tasks scheduled from follow-on schedule check
[2026-09-19T17:56:53.680+0000] {local_task_job_runner.py:222} INFO - ::endgroup::
