[2026-09-19T17:19:33.142+0000] {local_task_job_runner.py:120} INFO - ::group::Pre task execution logs
[2026-09-19T17:19:33.204+0000] {taskinstance.py:2076} INFO - Dependencies all met for dep_context=non-requeueable deps ti=<TaskInstance: weather_pipeline.fetch_weather manual__2026-09-19T17:19:32.478880+00:00 [queued]>
[2026-09-19T17:19:33.218+0000] {taskinstance.py:2076} INFO - Dependencies all met for dep_context=requeueable deps ti=<TaskInstance: weather_pipeline.fetch_weather manual__2026-09-19T17:19:32.478880+00:00 [queued]>
[2026-09-19T17:19:33.219+0000] {taskinstance.py:2306} INFO - Starting attempt 1 of 2
[2026-09-19T17:19:33.238+0000] {taskinstance.py:2330} INFO - Executing <Task(PythonOperator): fetch_weather> on 2026-09-19 17:19:32.478880+00:00
[2026-09-19T17:19:33.248+0000] {standard_task_runner.py:90} INFO - Running: ['***', 'tasks', 'run', 'weather_pipeline', 'fetch_weather', 'manual__2026-09-19T17:19:32.478880+00:00', '--job-id', '14', '--raw', '--subdir', 'DAGS_FOLDER/weather_pipeline_dag.py', '--cfg-path', '/tmp/tmppyhb7vz2']
[2026-09-19T17:19:33.251+0000] {standard_task_runner.py:91} INFO - Job 14: Subtask fetch_weather
[2026-09-19T17:19:33.253+0000] {logging_mixin.py:188} WARNING - /home/***/.local/lib/python3.12/site-packages/***/task/task_runner/standard_task_runner.py:62 DeprecationWarning: This process (pid=480) is multi-threaded, use of fork() may lead to deadlocks in the child.
[2026-09-19T17:19:33.254+0000] {standard_task_runner.py:64} INFO - Started process 481 to run task
[2026-09-19T17:19:33.330+0000] {task_command.py:426} INFO - Running <TaskInstance: weather_pipeline.fetch_weather manual__2026-09-19T17:19:32.478880+00:00 [running]> on host db333aec3d12
[2026-09-19T17:19:33.479+0000] {taskinstance.py:2648} INFO - Exporting env vars: AIRFLOW_CTX_DAG_OWNER='***' AIRFLOW_CTX_DAG_ID='weather_pipeline' AIRFLOW_CTX_TASK_ID='fetch_weather' AIRFLOW_CTX_EXECUTION_DATE='2026-09-19T17:19:32.478880+00:00' AIRFLOW_CTX_TRY_NUMBER='1' AIRFLOW_CTX_DAG_RUN_ID='manual__2026-09-19T17:19:32.478880+00:00'
[2026-09-19T17:19:33.480+0000] {taskinstance.py:430} INFO - ::endgroup::
[2026-09-19T17:19:33.826+0000] {weather.py:76} INFO - Successfully fetched weather data.
[2026-09-19T17:19:34.133+0000] {weather.py:76} INFO - Successfully fetched weather data.
[2026-09-19T17:19:34.435+0000] {weather.py:76} INFO - Successfully fetched weather data.
[2026-09-19T17:19:34.743+0000] {weather.py:76} INFO - Successfully fetched weather data.
[2026-09-19T17:19:35.058+0000] {weather.py:76} INFO - Successfully fetched weather data.
[2026-09-19T17:19:35.361+0000] {weather.py:76} INFO - Successfully fetched weather data.
[2026-09-19T17:19:35.660+0000] {weather.py:76} INFO - Successfully fetched weather data.
[2026-09-19T17:19:35.666+0000] {file_ops.py:54} INFO - 504 added to the file: /opt/***/project/data/weather_raw.json
[2026-09-19T17:19:35.666+0000] {logging_mixin.py:188} INFO - Fetched 504 records
[2026-09-19T17:19:35.666+0000] {python.py:237} INFO - Done. Returned value was: None
[2026-09-19T17:19:35.667+0000] {taskinstance.py:441} INFO - ::group::Post task execution logs
[2026-09-19T17:19:35.682+0000] {taskinstance.py:1206} INFO - Marking task as SUCCESS. dag_id=weather_pipeline, task_id=fetch_weather, run_id=manual__2026-09-19T17:19:32.478880+00:00, execution_date=20260919T171932, start_date=20260919T171933, end_date=20260919T171935
[2026-09-19T17:19:35.719+0000] {local_task_job_runner.py:243} INFO - Task exited with return code 0
[2026-09-19T17:19:35.766+0000] {taskinstance.py:3503} INFO - 1 downstream tasks scheduled from follow-on schedule check
[2026-09-19T17:19:35.770+0000] {local_task_job_runner.py:222} INFO - ::endgroup::
