[2026-09-19T21:11:41.552+0000] {local_task_job_runner.py:120} INFO - ::group::Pre task execution logs
[2026-09-19T21:11:41.602+0000] {taskinstance.py:2076} INFO - Dependencies all met for dep_context=non-requeueable deps ti=<TaskInstance: restaurant_pipeline.run_dbt manual__2026-09-19T21:11:36.229453+00:00 [queued]>
[2026-09-19T21:11:41.615+0000] {taskinstance.py:2076} INFO - Dependencies all met for dep_context=requeueable deps ti=<TaskInstance: restaurant_pipeline.run_dbt manual__2026-09-19T21:11:36.229453+00:00 [queued]>
[2026-09-19T21:11:41.615+0000] {taskinstance.py:2306} INFO - Starting attempt 1 of 2
[2026-09-19T21:11:41.634+0000] {taskinstance.py:2330} INFO - Executing <Task(BashOperator): run_dbt> on 2026-09-19 21:11:36.229453+00:00
[2026-09-19T21:11:41.643+0000] {standard_task_runner.py:90} INFO - Running: ['***', 'tasks', 'run', 'restaurant_pipeline', 'run_dbt', 'manual__2026-09-19T21:11:36.229453+00:00', '--job-id', '54', '--raw', '--subdir', 'DAGS_FOLDER/restaurant_pipeline_dag.py', '--cfg-path', '/tmp/tmpwfmb7nxm']
[2026-09-19T21:11:41.646+0000] {standard_task_runner.py:91} INFO - Job 54: Subtask run_dbt
[2026-09-19T21:11:41.647+0000] {logging_mixin.py:188} WARNING - /home/***/.local/lib/python3.12/site-packages/***/task/task_runner/standard_task_runner.py:62 DeprecationWarning: This process (pid=349) is multi-threaded, use of fork() may lead to deadlocks in the child.
[2026-09-19T21:11:41.648+0000] {standard_task_runner.py:64} INFO - Started process 350 to run task
[2026-09-19T21:11:41.717+0000] {task_command.py:426} INFO - Running <TaskInstance: restaurant_pipeline.run_dbt manual__2026-09-19T21:11:36.229453+00:00 [running]> on host db333aec3d12
[2026-09-19T21:11:41.844+0000] {taskinstance.py:2648} INFO - Exporting env vars: AIRFLOW_CTX_DAG_OWNER='***' AIRFLOW_CTX_DAG_ID='restaurant_pipeline' AIRFLOW_CTX_TASK_ID='run_dbt' AIRFLOW_CTX_EXECUTION_DATE='2026-09-19T21:11:36.229453+00:00' AIRFLOW_CTX_TRY_NUMBER='1' AIRFLOW_CTX_DAG_RUN_ID='manual__2026-09-19T21:11:36.229453+00:00'
[2026-09-19T21:11:41.846+0000] {taskinstance.py:430} INFO - ::endgroup::
[2026-09-19T21:11:41.862+0000] {subprocess.py:63} INFO - Tmp dir root location: /tmp
[2026-09-19T21:11:41.863+0000] {subprocess.py:75} INFO - Running command: ['/usr/bin/bash', '-c', 'cd /opt/***/project/weather_dbt && dbt run --select restaurant_* --profiles-dir /opt/***/project/***/']
[2026-09-19T21:11:41.876+0000] {subprocess.py:86} INFO - Output:
[2026-09-19T21:11:46.178+0000] {subprocess.py:93} INFO - [0m21:11:46  Running with dbt=1.12.5
[2026-09-19T21:11:46.772+0000] {subprocess.py:93} INFO - [0m21:11:46  Registered adapter: duckdb=1.11.0
[2026-09-19T21:11:48.924+0000] {subprocess.py:93} INFO - [0m21:11:48  [[33mWARNING[0m][MissingArgumentsPropertyInGenericTestDeprecation]: Deprecated
[2026-09-19T21:11:48.925+0000] {subprocess.py:93} INFO - functionality
[2026-09-19T21:11:48.925+0000] {subprocess.py:93} INFO - Found top-level arguments to test `accepted_values` defined on 'stg_deliveries'
[2026-09-19T21:11:48.925+0000] {subprocess.py:93} INFO - in package 'weather_dbt' (models/staging/schema.yml). Arguments to generic tests
[2026-09-19T21:11:48.925+0000] {subprocess.py:93} INFO - should be nested under the `arguments` property.
[2026-09-19T21:11:49.631+0000] {subprocess.py:93} INFO - [0m21:11:49  Found 11 models, 1 seed, 25 data tests, 1 snapshot, 5 sources, 503 macros
[2026-09-19T21:11:49.632+0000] {subprocess.py:93} INFO - [0m21:11:49  [[33mWARNING[0m]: The selection criterion 'restaurant_*' does not match any enabled nodes
[2026-09-19T21:11:49.635+0000] {subprocess.py:93} INFO - [0m21:11:49  [[33mWARNING[0m]: Nothing to do. Try checking your model configs and model specification args
[2026-09-19T21:11:49.733+0000] {subprocess.py:93} INFO - [0m21:11:49  [[33mWARNING[0m][DeprecationsSummary]: Deprecated functionality
[2026-09-19T21:11:49.733+0000] {subprocess.py:93} INFO - Summary of encountered deprecations:
[2026-09-19T21:11:49.733+0000] {subprocess.py:93} INFO - - MissingArgumentsPropertyInGenericTestDeprecation: 1 occurrence
[2026-09-19T21:11:49.734+0000] {subprocess.py:93} INFO - To see all deprecation instances instead of just the first occurrence of each,
[2026-09-19T21:11:49.734+0000] {subprocess.py:93} INFO - run command again with the `--show-all-deprecations` flag. You may also need to
[2026-09-19T21:11:49.734+0000] {subprocess.py:93} INFO - run with `--no-partial-parse` as some deprecations are only encountered during
[2026-09-19T21:11:49.735+0000] {subprocess.py:93} INFO - parsing.
[2026-09-19T21:11:50.252+0000] {subprocess.py:97} INFO - Command exited with return code 0
[2026-09-19T21:11:50.253+0000] {taskinstance.py:441} INFO - ::group::Post task execution logs
[2026-09-19T21:11:50.296+0000] {taskinstance.py:1206} INFO - Marking task as SUCCESS. dag_id=restaurant_pipeline, task_id=run_dbt, run_id=manual__2026-09-19T21:11:36.229453+00:00, execution_date=20260919T211136, start_date=20260919T211141, end_date=20260919T211150
[2026-09-19T21:11:50.343+0000] {local_task_job_runner.py:243} INFO - Task exited with return code 0
[2026-09-19T21:11:50.368+0000] {taskinstance.py:3503} INFO - 0 downstream tasks scheduled from follow-on schedule check
[2026-09-19T21:11:50.370+0000] {local_task_job_runner.py:222} INFO - ::endgroup::
